08-20 21:00:36.816: W/dalvikvm(817): PR_CAPBSET_DROP 25 failed: Invalid argument. Please make sure your kernel is compiled with file capabilities support enabled.
08-20 21:00:36.816: W/dalvikvm(817): PR_CAPBSET_DROP 26 failed: Invalid argument. Please make sure your kernel is compiled with file capabilities support enabled.
08-20 21:00:36.816: W/dalvikvm(817): PR_CAPBSET_DROP 27 failed: Invalid argument. Please make sure your kernel is compiled with file capabilities support enabled.
08-20 21:00:36.816: W/dalvikvm(817): PR_CAPBSET_DROP 28 failed: Invalid argument. Please make sure your kernel is compiled with file capabilities support enabled.
08-20 21:00:36.816: W/dalvikvm(817): PR_CAPBSET_DROP 29 failed: Invalid argument. Please make sure your kernel is compiled with file capabilities support enabled.
08-20 21:00:36.816: W/dalvikvm(817): PR_CAPBSET_DROP 30 failed: Invalid argument. Please make sure your kernel is compiled with file capabilities support enabled.
08-20 21:00:36.816: W/dalvikvm(817): PR_CAPBSET_DROP 31 failed: Invalid argument. Please make sure your kernel is compiled with file capabilities support enabled.
08-20 21:00:36.816: W/dalvikvm(817): PR_CAPBSET_DROP 32 failed: Invalid argument. Please make sure your kernel is compiled with file capabilities support enabled.
08-20 21:00:36.816: W/dalvikvm(817): PR_CAPBSET_DROP 33 failed: Invalid argument. Please make sure your kernel is compiled with file capabilities support enabled.
08-20 21:00:36.826: I/ActivityManager(287): Start proc com.svox.pico for broadcast com.svox.pico/.VoiceDataInstallerReceiver: pid=817 uid=10028 gids={50028, 1015, 1028}
08-20 21:00:37.056: W/ActivityManager(287): Permission denied: checkComponentPermission() owningUid=1000
08-20 21:00:37.056: W/BroadcastQueue(287): Permission Denial: broadcasting Intent { act=android.appwidget.action.APPWIDGET_UPDATE_OPTIONS flg=0x10 cmp=com.android.settings/.widget.SettingsAppWidgetProvider (has extras) } from android (pid=504, uid=10013) is not exported from uid 1000 due to receiver com.android.settings/.widget.SettingsAppWidgetProvider
08-20 21:00:37.156: V/AlarmClock(771): No next alarm
08-20 21:00:37.156: V/AlarmClock(771): Setting next alarm string in system to null
08-20 21:00:37.176: V/AlarmClock(771): AlarmInitReceiver finished
08-20 21:00:37.206: V/SmsReceiverService(714): onStart: #2 mResultCode: -1 = Activity.RESULT_OK
08-20 21:00:37.296: I/Choreographer(504): Skipped 36 frames!  The application may be doing too much work on its main thread.
08-20 21:00:37.386: D/MmsSmsDatabaseHelper(451): [MmsSmsDb] tableName: canonical_addresses hasAutoIncrement: CREATE TABLE canonical_addresses (_id INTEGER PRIMARY KEY AUTOINCREMENT,address TEXT) result: true
08-20 21:00:37.466: D/MmsSmsDatabaseHelper(451): [MmsSmsDb] tableName: part hasAutoIncrement: CREATE TABLE part (_id INTEGER PRIMARY KEY AUTOINCREMENT,mid INTEGER,seq INTEGER DEFAULT 0,ct TEXT,name TEXT,chset INTEGER,cd TEXT,fn TEXT,cid TEXT,cl TEXT,ctt_s INTEGER,ctt_t TEXT,_data TEXT,text TEXT) result: true
08-20 21:00:37.586: D/MmsSmsDatabaseHelper(451): [MmsSmsDb] tableName: pdu hasAutoIncrement: CREATE TABLE pdu (_id INTEGER PRIMARY KEY AUTOINCREMENT,thread_id INTEGER,date INTEGER,date_sent INTEGER DEFAULT 0,msg_box INTEGER,read INTEGER DEFAULT 0,m_id TEXT,sub TEXT,sub_cs INTEGER,ct_t TEXT,ct_l TEXT,exp INTEGER,m_cls TEXT,m_type INTEGER,v INTEGER,m_size INTEGER,pri INTEGER,rr INTEGER,rpt_a INTEGER,resp_st INTEGER,st INTEGER,tr_id TEXT,retr_st INTEGER,retr_txt TEXT,retr_txt_cs INTEGER,read_status INTEGER,ct_cls INTEGER,resp_txt TEXT,d_tm INTEGER,d_rpt INTEGER,locked INTEGER DEFAULT 0,seen INTEGER DEFAULT 0,text_only INTEGER DEFAULT 0) result: true
08-20 21:00:37.646: W/RecognitionManagerService(287): no available voice recognition services found for user 0
08-20 21:00:37.656: D/MmsSmsDatabaseHelper(451): [getWritableDatabase] hasAutoIncrementThreads: true hasAutoIncrementAddresses: true hasAutoIncrementPart: true hasAutoIncrementPdu: true
08-20 21:00:37.876: D/EmailProvider(697): Creating EmailProvider database
08-20 21:00:38.136: I/MediaProvider(559): Upgrading media database from version 0 to 601, which will destroy all old data
08-20 21:00:38.366: I/CalendarProvider2(791): Sending notification intent: Intent { act=android.intent.action.PROVIDER_CHANGED dat=content://com.android.calendar }
08-20 21:00:38.366: W/ContentResolver(791): Failed to get type for: content://com.android.calendar (Unknown URL content://com.android.calendar)
08-20 21:00:38.386: D/AlertReceiver(674): onReceive: a=android.intent.action.PROVIDER_CHANGED Intent { act=android.intent.action.PROVIDER_CHANGED dat=content://com.android.calendar flg=0x10 cmp=com.android.calendar/.alerts.AlertReceiver }
08-20 21:00:38.486: D/Mms:app(714): cancelNotification
08-20 21:00:38.786: D/AlarmScheduler(674): No events found starting within 1 week.
08-20 21:00:38.796: D/AlertService(674): 0 Action = android.intent.action.PROVIDER_CHANGED
08-20 21:00:38.836: D/dalvikvm(714): GREF has increased to 201
08-20 21:00:39.756: D/dalvikvm(504): GC_FOR_ALLOC freed 319K, 11% free 5240K/5848K, paused 44ms, total 81ms
08-20 21:00:40.036: I/Launcher(504): Deferring update until onResume
08-20 21:00:40.156: D/EmailProvider(697): Creating EmailProviderBody database
08-20 21:00:40.236: E/SQLiteLog(697): (1) no such table: Account
08-20 21:00:40.256: W/EmailProvider(697): Exception cleaning EmailProvider.dbandroid.database.sqlite.SQLiteException: no such table: Account (code 1): , while compiling: delete from Account WHERE displayName ISNULL;
08-20 21:00:40.466: D/EmailProvider(697): Creating EmailProvider database
08-20 21:00:41.256: D/dalvikvm(451): GC_FOR_ALLOC freed 482K, 15% free 3124K/3664K, paused 48ms, total 81ms
08-20 21:00:41.776: I/ContactDirectoryManager(517): deleted 0 stale rows which don't have any relevant directory
08-20 21:00:41.816: I/ContactDirectoryManager(517): Discovered 0 contact directories in 729ms
08-20 21:00:41.836: I/ContactsProvider(517): Locale has changed from null to en_US
08-20 21:00:41.886: I/ContactsDatabaseHelper(517): Switching to locale en_US (ICU v50.1.1.3)
08-20 21:00:41.886: D/EmailProvider(697): fromDatabase accounts: 0
08-20 21:00:41.896: D/EmailProvider(697): ending toDatabase transaction; copyCount = 0
08-20 21:00:41.926: D/EmailProvider(697): ending fromDatabase transaction; copyCount = 0
08-20 21:00:42.187: D/dalvikvm(697): GC_FOR_ALLOC freed 291K, 12% free 2728K/3080K, paused 48ms, total 59ms
08-20 21:00:42.496: D/dalvikvm(287): GC_FOR_ALLOC freed 686K, 64% free 4801K/13276K, paused 97ms, total 104ms
08-20 21:00:42.576: I/Email(697): Onetime initialization: completed.
08-20 21:00:42.606: W/ActivityManager(287): Unable to start service Intent { cmp=com.android.email/.service.AttachmentDownloadService } U=0: not found
08-20 21:00:42.646: W/ActivityManager(287): Unable to start service Intent { cmp=com.android.email/.service.AttachmentDownloadService } U=0: not found
08-20 21:00:42.666: D/ExchangeService(661): !!! EAS ExchangeService, onStartCommand, startingUp = true, running = false
08-20 21:00:42.756: W/ActivityManager(287): Unable to start service Intent { cmp=com.android.email/.service.AttachmentDownloadService } U=0: not found
08-20 21:00:43.516: D/dalvikvm(517): GC_FOR_ALLOC freed 457K, 15% free 3039K/3556K, paused 42ms, total 76ms
08-20 21:00:43.796: D/AlertService(674): Beginning updateAlertNotification
08-20 21:00:43.916: D/AlertService(674): No fired or scheduled alerts
08-20 21:00:43.966: D/AlertService(674): Scheduling next alarm with AlarmScheduler. sEventReminderReceived: null
08-20 21:00:44.126: D/AlarmScheduler(674): No events found starting within 1 week.
08-20 21:00:44.356: I/InputReader(287): Reconfiguring input devices.  changes=0x00000010
08-20 21:00:44.426: I/InputReader(287): Reconfiguring input devices.  changes=0x00000010
08-20 21:00:44.626: I/Launcher(504): Deferring update until onResume
08-20 21:00:44.657: I/Launcher(504): Deferring update until onResume
08-20 21:00:44.657: I/Launcher(504): Deferring update until onResume
08-20 21:00:44.666: I/Launcher(504): Deferring update until onResume
08-20 21:00:44.746: E/SQLiteLog(559): (1) no such table: files
08-20 21:00:45.276: D/dalvikvm(559): GC_FOR_ALLOC freed 261K, 11% free 2759K/3080K, paused 54ms, total 83ms
08-20 21:00:45.316: I/ContactsDatabaseHelper(517): Locale change completed in 3435ms
08-20 21:00:45.337: I/ContactsDatabaseHelper(517): Switching to locale en_US (ICU v50.1.1.3)
08-20 21:00:45.586: E/WVMExtractor(39): Failed to open libwvm.so
08-20 21:00:46.586: D/dalvikvm(559): GREF has increased to 201
08-20 21:00:46.717: E/MetadataRetrieverClient(39): failed to extract an album art
08-20 21:00:46.746: W/MediaProvider(559): no database for scanned volume external
08-20 21:00:46.916: I/MediaProvider(559): Upgrading media database from version 0 to 601, which will destroy all old data
08-20 21:00:47.516: D/dalvikvm(517): GC_FOR_ALLOC freed 533K, 17% free 3015K/3612K, paused 50ms, total 63ms
08-20 21:00:47.706: I/ContactsDatabaseHelper(517): Locale change completed in 2356ms
08-20 21:00:47.996: I/ContactsFTS(517): Rebuild contact search index in 256ms, 0 contacts
08-20 21:00:48.037: I/ContactsProvider(517): Upgrading aggregation algorithm
08-20 21:00:48.066: I/ContactAggregator(517): Marked all visible contacts for aggregation: 0 raw contacts, 5 ms
08-20 21:00:48.086: I/ContactsProvider(517): Aggregation algorithm upgraded for 0 raw contacts in 23ms
08-20 21:00:48.836: E/SQLiteLog(559): (1) no such table: album_info
08-20 21:00:48.936: D/MediaProvider(559): object removed 1
08-20 21:00:48.936: D/MediaProvider(559): object removed 2
08-20 21:00:48.936: D/MediaProvider(559): object removed 3
08-20 21:00:48.947: D/MediaProvider(559): object removed 4
08-20 21:00:48.956: D/MediaProvider(559): object removed 5
08-20 21:00:48.956: D/MediaProvider(559): object removed 6
08-20 21:00:48.956: D/MediaProvider(559): object removed 7
08-20 21:00:48.956: D/MediaProvider(559): object removed 8
08-20 21:00:48.967: D/MediaProvider(559): object removed 9
08-20 21:00:49.067: V/MediaScanner(559): pruneDeadThumbnailFiles... android.database.sqlite.SQLiteCursor@4175edb8
08-20 21:00:49.067: V/MediaScanner(559): /pruneDeadThumbnailFiles... android.database.sqlite.SQLiteCursor@4175edb8
08-20 21:01:03.226: I/AudioService(287):  AudioFocus  abandonAudioFocus() from android.media.AudioManager@416e4178com.android.music.MediaPlaybackService$3@416e2d98
08-20 21:01:03.336: D/InitAlarmsService(674): Clearing and rescheduling alarms.
08-20 21:01:15.716: D/ConnectivityService(287): stopUsingNetworkFeature: teardown net 0: enableHIPRI
08-20 21:01:15.776: D/ConnectivityService(287): ConnectivityChange for mobile_hipri: DISCONNECTED/DISCONNECTED
08-20 21:01:15.816: D/ConnectivityService(287): [CheckMp] isMobileOk: timed out
08-20 21:01:15.816: D/ConnectivityService(287): [CheckMp] isMobileOk: F stop hipri
08-20 21:01:15.816: E/logwrapper(855): executing /system/bin/ip failed: No such file or directory
08-20 21:01:15.836: D/ConnectivityService(287): [CheckMp] isMobileOk: X result=0
08-20 21:01:15.836: E/SecondaryTablController(33): ip route del failed: /system/bin/ip route del 10.0.2.2/32 via 0.0.0.0 dev eth0 table 60
08-20 21:01:15.846: W/FrameworkListener(33): Handler 'interface' error (No such device)
08-20 21:01:15.856: D/ConnectivityService(287): [CheckMp] onPostExecute: result=0
08-20 21:01:15.856: D/ConnectivityService(287): CheckMp.onComplete: result=0
08-20 21:01:15.866: D/ConnectivityService(287): CheckMp.onComplete: ignore, connected or no connection
08-20 21:01:15.896: E/logwrapper(856): executing /system/bin/ip failed: No such file or directory
08-20 21:01:15.916: E/SecondaryTablController(33): ip route del failed: /system/bin/ip route del 0.0.0.0/0 via 10.0.2.2 dev eth0 table 60
08-20 21:01:15.926: W/FrameworkListener(33): Handler 'interface' error (No such device)
08-20 21:01:16.006: D/Nat464Xlat(287): requiresClat: netType=5, hasIPv4Address=true
08-20 21:01:19.056: D/Tethering(287): MasterInitialState.processMessage what=3
08-20 21:01:19.126: D/Tethering(287): MasterInitialState.processMessage what=3
08-20 21:01:20.491: D/ExchangeService(661): Received deviceId from Email app: androidc259148960
08-20 21:01:20.491: D/ExchangeService(661): Reconciling accounts...
08-20 21:02:05.116: D/dalvikvm(287): GC_FOR_ALLOC freed 565K, 64% free 4813K/13276K, paused 86ms, total 94ms
08-20 21:02:30.359: I/dalvikvm(287): Jit: resizing JitTable from 4096 to 8192
08-20 21:03:17.347: E/SoundPool(287): error loading /system/media/audio/ui/Effect_Tick.ogg
08-20 21:03:17.347: W/AudioService(287): Soundpool could not load file: /system/media/audio/ui/Effect_Tick.ogg
08-20 21:03:17.357: E/SoundPool(287): error loading /system/media/audio/ui/Effect_Tick.ogg
08-20 21:03:17.357: W/AudioService(287): Soundpool could not load file: /system/media/audio/ui/Effect_Tick.ogg
08-20 21:03:17.357: E/SoundPool(287): error loading /system/media/audio/ui/Effect_Tick.ogg
08-20 21:03:17.367: W/AudioService(287): Soundpool could not load file: /system/media/audio/ui/Effect_Tick.ogg
08-20 21:03:17.367: E/SoundPool(287): error loading /system/media/audio/ui/Effect_Tick.ogg
08-20 21:03:17.367: W/AudioService(287): Soundpool could not load file: /system/media/audio/ui/Effect_Tick.ogg
08-20 21:03:17.377: E/SoundPool(287): error loading /system/media/audio/ui/Effect_Tick.ogg
08-20 21:03:17.377: W/AudioService(287): Soundpool could not load file: /system/media/audio/ui/Effect_Tick.ogg
08-20 21:03:17.387: E/SoundPool(287): error loading /system/media/audio/ui/KeypressStandard.ogg
08-20 21:03:17.387: W/AudioService(287): Soundpool could not load file: /system/media/audio/ui/KeypressStandard.ogg
08-20 21:03:17.387: E/SoundPool(287): error loading /system/media/audio/ui/KeypressSpacebar.ogg
08-20 21:03:17.407: D/VRouterService(731): Preparing intent!
08-20 21:03:17.407: I/ActivityManager(287): START u0 {cmp=com.android.vpndialogs/.ConfirmDialog} from pid 731
08-20 21:03:17.427: W/AudioService(287): Soundpool could not load file: /system/media/audio/ui/KeypressSpacebar.ogg
08-20 21:03:17.427: E/SoundPool(287): error loading /system/media/audio/ui/KeypressDelete.ogg
08-20 21:03:17.427: W/AudioService(287): Soundpool could not load file: /system/media/audio/ui/KeypressDelete.ogg
08-20 21:03:17.436: E/SoundPool(287): error loading /system/media/audio/ui/KeypressReturn.ogg
08-20 21:03:17.436: W/AudioService(287): Soundpool could not load file: /system/media/audio/ui/KeypressReturn.ogg
08-20 21:03:17.447: W/AudioService(287): onLoadSoundEffects(), Error -1 while loading samples
08-20 21:03:17.457: W/WindowManager(287): Screenshot failure taking screenshot for (164x246) to layer 21010
08-20 21:03:17.497: W/dalvikvm(868): PR_CAPBSET_DROP 0 failed: Invalid argument. Please make sure your kernel is compiled with file capabilities support enabled.
08-20 21:03:17.497: W/dalvikvm(868): PR_CAPBSET_DROP 1 failed: Invalid argument. Please make sure your kernel is compiled with file capabilities support enabled.
08-20 21:03:17.507: W/dalvikvm(868): PR_CAPBSET_DROP 2 failed: Invalid argument. Please make sure your kernel is compiled with file capabilities support enabled.
08-20 21:03:17.507: W/dalvikvm(868): PR_CAPBSET_DROP 3 failed: Invalid argument. Please make sure your kernel is compiled with file capabilities support enabled.
08-20 21:03:17.507: W/dalvikvm(868): PR_CAPBSET_DROP 4 failed: Invalid argument. Please make sure your kernel is compiled with file capabilities support enabled.
08-20 21:03:17.507: W/dalvikvm(868): PR_CAPBSET_DROP 5 failed: Invalid argument. Please make sure your kernel is compiled with file capabilities support enabled.
08-20 21:03:17.516: W/dalvikvm(868): PR_CAPBSET_DROP 6 failed: Invalid argument. Please make sure your kernel is compiled with file capabilities support enabled.
08-20 21:03:17.527: W/dalvikvm(868): PR_CAPBSET_DROP 7 failed: Invalid argument. Please make sure your kernel is compiled with file capabilities support enabled.
08-20 21:03:17.527: W/dalvikvm(868): PR_CAPBSET_DROP 8 failed: Invalid argument. Please make sure your kernel is compiled with file capabilities support enabled.
08-20 21:03:17.527: W/dalvikvm(868): PR_CAPBSET_DROP 9 failed: Invalid argument. Please make sure your kernel is compiled with file capabilities support enabled.
08-20 21:03:17.527: W/dalvikvm(868): PR_CAPBSET_DROP 10 failed: Invalid argument. Please make sure your kernel is compiled with file capabilities support enabled.
08-20 21:03:17.527: W/dalvikvm(868): PR_CAPBSET_DROP 11 failed: Invalid argument. Please make sure your kernel is compiled with file capabilities support enabled.
08-20 21:03:17.537: W/dalvikvm(868): PR_CAPBSET_DROP 12 failed: Invalid argument. Please make sure your kernel is compiled with file capabilities support enabled.
08-20 21:03:17.537: W/dalvikvm(868): PR_CAPBSET_DROP 13 failed: Invalid argument. Please make sure your kernel is compiled with file capabilities support enabled.
08-20 21:03:17.537: W/dalvikvm(868): PR_CAPBSET_DROP 14 failed: Invalid argument. Please make sure your kernel is compiled with file capabilities support enabled.
08-20 21:03:17.547: W/dalvikvm(868): PR_CAPBSET_DROP 15 failed: Invalid argument. Please make sure your kernel is compiled with file capabilities support enabled.
08-20 21:03:17.547: W/dalvikvm(868): PR_CAPBSET_DROP 16 failed: Invalid argument. Please make sure your kernel is compiled with file capabilities support enabled.
08-20 21:03:17.557: W/dalvikvm(868): PR_CAPBSET_DROP 17 failed: Invalid argument. Please make sure your kernel is compiled with file capabilities support enabled.
08-20 21:03:17.557: W/dalvikvm(868): PR_CAPBSET_DROP 18 failed: Invalid argument. Please make sure your kernel is compiled with file capabilities support enabled.
08-20 21:03:17.557: W/dalvikvm(868): PR_CAPBSET_DROP 19 failed: Invalid argument. Please make sure your kernel is compiled with file capabilities support enabled.
08-20 21:03:17.557: W/dalvikvm(868): PR_CAPBSET_DROP 20 failed: Invalid argument. Please make sure your kernel is compiled with file capabilities support enabled.
08-20 21:03:17.557: W/dalvikvm(868): PR_CAPBSET_DROP 21 failed: Invalid argument. Please make sure your kernel is compiled with file capabilities support enabled.
08-20 21:03:17.557: W/dalvikvm(868): PR_CAPBSET_DROP 22 failed: Invalid argument. Please make sure your kernel is compiled with file capabilities support enabled.
08-20 21:03:17.557: W/dalvikvm(868): PR_CAPBSET_DROP 23 failed: Invalid argument. Please make sure your kernel is compiled with file capabilities support enabled.
08-20 21:03:17.567: I/ActivityManager(287): Start proc com.android.vpndialogs for activity com.android.vpndialogs/.ConfirmDialog: pid=868 uid=10025 gids={50025, 1028}
08-20 21:03:17.577: W/dalvikvm(868): PR_CAPBSET_DROP 24 failed: Invalid argument. Please make sure your kernel is compiled with file capabilities support enabled.
08-20 21:03:17.577: W/dalvikvm(868): PR_CAPBSET_DROP 25 failed: Invalid argument. Please make sure your kernel is compiled with file capabilities support enabled.
08-20 21:03:17.577: W/dalvikvm(868): PR_CAPBSET_DROP 26 failed: Invalid argument. Please make sure your kernel is compiled with file capabilities support enabled.
08-20 21:03:17.577: W/dalvikvm(868): PR_CAPBSET_DROP 27 failed: Invalid argument. Please make sure your kernel is compiled with file capabilities support enabled.
08-20 21:03:17.577: W/dalvikvm(868): PR_CAPBSET_DROP 28 failed: Invalid argument. Please make sure your kernel is compiled with file capabilities support enabled.
08-20 21:03:17.577: W/dalvikvm(868): PR_CAPBSET_DROP 29 failed: Invalid argument. Please make sure your kernel is compiled with file capabilities support enabled.
08-20 21:03:17.577: W/dalvikvm(868): PR_CAPBSET_DROP 30 failed: Invalid argument. Please make sure your kernel is compiled with file capabilities support enabled.
08-20 21:03:17.577: W/dalvikvm(868): PR_CAPBSET_DROP 31 failed: Invalid argument. Please make sure your kernel is compiled with file capabilities support enabled.
08-20 21:03:17.577: W/dalvikvm(868): PR_CAPBSET_DROP 32 failed: Invalid argument. Please make sure your kernel is compiled with file capabilities support enabled.
08-20 21:03:17.577: W/dalvikvm(868): PR_CAPBSET_DROP 33 failed: Invalid argument. Please make sure your kernel is compiled with file capabilities support enabled.
08-20 21:03:17.597: I/Choreographer(731): Skipped 54 frames!  The application may be doing too much work on its main thread.
08-20 21:03:18.127: D/dalvikvm(868): GC_CONCURRENT freed 40K, 4% free 2899K/3004K, paused 7ms+21ms, total 163ms
08-20 21:03:18.437: I/Choreographer(868): Skipped 109 frames!  The application may be doing too much work on its main thread.
08-20 21:03:18.477: D/gralloc_goldfish(868): Emulator without GPU emulation detected.
08-20 21:03:18.816: I/Choreographer(287): Skipped 42 frames!  The application may be doing too much work on its main thread.
08-20 21:03:18.837: I/ActivityManager(287): Displayed com.android.vpndialogs/.ConfirmDialog: +1s352ms
08-20 21:03:21.586: I/Vpn(287): Switched from [Legacy VPN] to com.example.vrouter
08-20 21:03:21.586: D/Vpn(287): setting state=IDLE, reason=prepare
08-20 21:03:21.616: W/WindowManager(287): Screenshot failure taking screenshot for (164x246) to layer 21015
08-20 21:03:21.626: E/SoundPool(287): error loading /system/media/audio/ui/Effect_Tick.ogg
08-20 21:03:21.626: W/AudioService(287): Soundpool could not load file: /system/media/audio/ui/Effect_Tick.ogg
08-20 21:03:21.636: E/SoundPool(287): error loading /system/media/audio/ui/Effect_Tick.ogg
08-20 21:03:21.646: W/AudioService(287): Soundpool could not load file: /system/media/audio/ui/Effect_Tick.ogg
08-20 21:03:21.646: E/SoundPool(287): error loading /system/media/audio/ui/Effect_Tick.ogg
08-20 21:03:21.656: W/AudioService(287): Soundpool could not load file: /system/media/audio/ui/Effect_Tick.ogg
08-20 21:03:21.666: E/SoundPool(287): error loading /system/media/audio/ui/Effect_Tick.ogg
08-20 21:03:21.666: W/AudioService(287): Soundpool could not load file: /system/media/audio/ui/Effect_Tick.ogg
08-20 21:03:21.666: E/SoundPool(287): error loading /system/media/audio/ui/Effect_Tick.ogg
08-20 21:03:21.666: W/AudioService(287): Soundpool could not load file: /system/media/audio/ui/Effect_Tick.ogg
08-20 21:03:21.676: E/SoundPool(287): error loading /system/media/audio/ui/KeypressStandard.ogg
08-20 21:03:21.676: W/AudioService(287): Soundpool could not load file: /system/media/audio/ui/KeypressStandard.ogg
08-20 21:03:21.686: E/SoundPool(287): error loading /system/media/audio/ui/KeypressSpacebar.ogg
08-20 21:03:21.686: W/AudioService(287): Soundpool could not load file: /system/media/audio/ui/KeypressSpacebar.ogg
08-20 21:03:21.706: I/Choreographer(868): Skipped 75 frames!  The application may be doing too much work on its main thread.
08-20 21:03:21.716: E/SoundPool(287): error loading /system/media/audio/ui/KeypressDelete.ogg
08-20 21:03:21.716: W/AudioService(287): Soundpool could not load file: /system/media/audio/ui/KeypressDelete.ogg
08-20 21:03:21.716: E/SoundPool(287): error loading /system/media/audio/ui/KeypressReturn.ogg
08-20 21:03:21.716: W/AudioService(287): Soundpool could not load file: /system/media/audio/ui/KeypressReturn.ogg
08-20 21:03:21.736: W/AudioService(287): onLoadSoundEffects(), Error -1 while loading samples
08-20 21:03:21.856: W/InputMethodManagerService(287): Window already focused, ignoring focus gain of: com.android.internal.view.IInputMethodClient$Stub$Proxy@41febfd8 attribute=null, token = android.os.BinderProxy@42119858
08-20 21:03:21.896: I/Choreographer(731): Skipped 37 frames!  The application may be doing too much work on its main thread.
08-20 21:03:22.026: I/VRouterService(731): Starting
08-20 21:03:22.036: I/System.out(731): Sending WAIT chunk
08-20 21:03:22.206: I/Choreographer(731): Skipped 31 frames!  The application may be doing too much work on its main thread.
08-20 21:03:22.416: I/Choreographer(868): Skipped 115 frames!  The application may be doing too much work on its main thread.
08-20 21:03:22.786: I/dalvikvm(731): Debugger is active
08-20 21:03:22.896: I/System.out(731): Debugger has connected
08-20 21:03:22.896: I/System.out(731): waiting for debugger to settle...
08-20 21:03:23.106: I/System.out(731): waiting for debugger to settle...
08-20 21:03:23.307: I/System.out(731): waiting for debugger to settle...
08-20 21:03:23.513: I/System.out(731): waiting for debugger to settle...
08-20 21:03:23.707: I/System.out(731): waiting for debugger to settle...
08-20 21:03:23.916: I/System.out(731): waiting for debugger to settle...
08-20 21:03:24.116: I/System.out(731): waiting for debugger to settle...
08-20 21:03:24.317: I/System.out(731): waiting for debugger to settle...
08-20 21:03:24.516: I/System.out(731): waiting for debugger to settle...
08-20 21:03:24.716: I/System.out(731): waiting for debugger to settle...
08-20 21:03:24.922: I/System.out(731): waiting for debugger to settle...
08-20 21:03:26.179: I/System.out(731): debugger has settled (2474)
08-20 21:03:26.336: D/Vpn(287): setting state=CONNECTING, reason=establish
08-20 21:03:26.336: D/VpnJni(287): Address added on tun0: 10.0.0.2/24
08-20 21:03:26.346: D/VpnJni(287): Route added on tun0: 0.0.0.0/0
08-20 21:03:26.356: W/ContextImpl(287): Calling a method in the system process without a qualified user: android.app.ContextImpl.bindService:1439 com.android.server.connectivity.Vpn.establish:310 com.android.server.ConnectivityService.establishVpn:3367 android.net.IConnectivityManager$Stub.onTransact:504 android.os.Binder.execTransact:388 
08-20 21:03:26.376: I/Vpn(287): Established by com.example.vrouter.VRouterService on tun0
08-20 21:03:26.436: D/Vpn(287): setting state=AUTHENTICATING, reason=establish
08-20 21:03:27.076: I/Choreographer(287): Skipped 32 frames!  The application may be doing too much work on its main thread.
08-20 21:03:27.286: D/dalvikvm(406): GC_FOR_ALLOC freed 7599K, 63% free 4508K/12176K, paused 301ms, total 327ms
08-20 21:03:27.956: I/Choreographer(406): Skipped 93 frames!  The application may be doing too much work on its main thread.
08-20 21:03:30.936: D/dalvikvm(731): GC_FOR_ALLOC freed 436K, 15% free 3023K/3520K, paused 34ms, total 42ms
08-20 21:03:34.296: D/dalvikvm(731): GC_FOR_ALLOC freed 541K, 17% free 2994K/3596K, paused 37ms, total 39ms
08-20 21:03:37.426: D/dalvikvm(731): GC_FOR_ALLOC freed 509K, 17% free 2997K/3596K, paused 35ms, total 35ms
08-20 21:03:37.676: D/VRouterService(731): Outgoing packet written to the tunnel
08-20 21:03:37.686: D/VRouterService(731): Pkt info: src=10.0.0.2:60590  dst=74.125.70.141:80 len=60
08-20 21:03:37.716: D/VRouterService(731): got TCP packet!!!
08-20 21:03:37.726: D/VRouterService(731): start connection.
08-20 21:03:37.767: D/VRouterService(731): send out TCP pkt size 20
08-20 21:03:37.866: D/VRouterService(731): From Server: HTTP/1.0 400 Bad Request
08-20 21:03:40.646: D/dalvikvm(731): GC_FOR_ALLOC freed 481K, 16% free 3027K/3596K, paused 33ms, total 35ms
08-20 21:03:40.676: D/VRouterService(731): Outgoing packet written to the tunnel
08-20 21:03:40.716: D/VRouterService(731): Pkt info: src=10.0.0.2:60590  dst=74.125.70.141:80 len=60
08-20 21:03:40.716: D/VRouterService(731): got TCP packet!!!
08-20 21:03:40.736: D/VRouterService(731): start connection.
08-20 21:03:40.766: D/VRouterService(731): send out TCP pkt size 20
08-20 21:03:40.886: D/VRouterService(731): From Server: HTTP/1.0 400 Bad Request
08-20 21:03:43.806: D/dalvikvm(731): GC_FOR_ALLOC freed 511K, 16% free 3028K/3600K, paused 34ms, total 37ms
08-20 21:03:46.666: D/VRouterService(731): Outgoing packet written to the tunnel
08-20 21:03:46.706: D/VRouterService(731): Pkt info: src=10.0.0.2:60590  dst=74.125.70.141:80 len=60
08-20 21:03:46.706: D/VRouterService(731): got TCP packet!!!
08-20 21:03:46.746: D/VRouterService(731): start connection.
08-20 21:03:46.776: D/VRouterService(731): send out TCP pkt size 20
08-20 21:03:46.876: D/VRouterService(731): From Server: HTTP/1.0 400 Bad Request
08-20 21:03:47.106: D/dalvikvm(731): GC_FOR_ALLOC freed 511K, 16% free 3028K/3600K, paused 34ms, total 36ms
08-20 21:03:50.446: D/dalvikvm(731): GC_FOR_ALLOC freed 511K, 16% free 3027K/3600K, paused 37ms, total 38ms
08-20 21:03:53.776: D/dalvikvm(731): GC_FOR_ALLOC freed 510K, 16% free 3027K/3600K, paused 38ms, total 38ms
08-20 21:03:57.106: D/dalvikvm(731): GC_FOR_ALLOC freed 511K, 16% free 3027K/3600K, paused 33ms, total 33ms
08-20 21:03:58.676: D/VRouterService(731): Outgoing packet written to the tunnel
08-20 21:03:58.717: D/VRouterService(731): Pkt info: src=10.0.0.2:60590  dst=74.125.70.141:80 len=60
08-20 21:03:58.717: D/VRouterService(731): got TCP packet!!!
08-20 21:03:58.736: D/VRouterService(731): start connection.
08-20 21:03:58.767: D/VRouterService(731): send out TCP pkt size 20
08-20 21:03:58.867: D/VRouterService(731): From Server: HTTP/1.0 400 Bad Request
08-20 21:04:00.617: D/dalvikvm(731): GC_FOR_ALLOC freed 511K, 16% free 3028K/3600K, paused 33ms, total 35ms
08-20 21:04:03.946: D/dalvikvm(731): GC_FOR_ALLOC freed 511K, 16% free 3027K/3600K, paused 37ms, total 41ms
08-20 21:04:07.516: D/dalvikvm(731): GC_FOR_ALLOC freed 510K, 16% free 3027K/3600K, paused 34ms, total 34ms
08-20 21:04:10.827: D/dalvikvm(731): GC_FOR_ALLOC freed 511K, 16% free 3027K/3600K, paused 36ms, total 36ms
08-20 21:04:14.246: D/dalvikvm(731): GC_FOR_ALLOC freed 510K, 16% free 3028K/3600K, paused 36ms, total 36ms
08-20 21:04:17.526: D/dalvikvm(731): GC_FOR_ALLOC freed 511K, 16% free 3027K/3600K, paused 35ms, total 35ms
08-20 21:04:20.897: D/dalvikvm(731): GC_FOR_ALLOC freed 511K, 16% free 3027K/3600K, paused 33ms, total 33ms
08-20 21:04:22.746: D/VRouterService(731): Outgoing packet written to the tunnel
08-20 21:04:22.776: D/VRouterService(731): Pkt info: src=10.0.0.2:60590  dst=74.125.70.141:80 len=60
08-20 21:04:22.806: D/VRouterService(731): got TCP packet!!!
08-20 21:04:22.866: D/VRouterService(731): start connection.
08-20 21:04:22.886: D/VRouterService(731): send out TCP pkt size 20
08-20 21:04:23.006: D/VRouterService(731): From Server: HTTP/1.0 400 Bad Request
08-20 21:04:24.466: D/dalvikvm(731): GC_FOR_ALLOC freed 511K, 16% free 3028K/3600K, paused 33ms, total 35ms
08-20 21:04:27.986: D/dalvikvm(731): GC_FOR_ALLOC freed 510K, 16% free 3028K/3600K, paused 33ms, total 35ms
08-20 21:04:31.146: D/dalvikvm(731): GC_FOR_ALLOC freed 510K, 16% free 3028K/3600K, paused 34ms, total 34ms
08-20 21:04:34.436: D/dalvikvm(731): GC_FOR_ALLOC freed 510K, 16% free 3028K/3600K, paused 34ms, total 34ms
08-20 21:04:37.816: D/dalvikvm(731): GC_FOR_ALLOC freed 510K, 16% free 3028K/3600K, paused 36ms, total 36ms
08-20 21:04:42.347: D/dalvikvm(731): GC_FOR_ALLOC freed 510K, 16% free 3028K/3600K, paused 36ms, total 36ms
08-20 21:04:45.896: D/dalvikvm(731): GC_FOR_ALLOC freed 510K, 16% free 3028K/3600K, paused 34ms, total 34ms
08-20 21:04:49.196: D/dalvikvm(731): GC_FOR_ALLOC freed 510K, 16% free 3028K/3600K, paused 33ms, total 33ms
08-20 21:04:52.486: D/dalvikvm(731): GC_FOR_ALLOC freed 510K, 16% free 3028K/3600K, paused 34ms, total 34ms
08-20 21:04:55.826: D/dalvikvm(731): GC_FOR_ALLOC freed 510K, 16% free 3028K/3600K, paused 33ms, total 33ms
08-20 21:04:59.106: D/dalvikvm(731): GC_FOR_ALLOC freed 510K, 16% free 3028K/3600K, paused 33ms, total 33ms
08-20 21:05:02.507: D/dalvikvm(731): GC_FOR_ALLOC freed 510K, 16% free 3028K/3600K, paused 34ms, total 34ms
08-20 21:05:05.886: D/dalvikvm(731): GC_FOR_ALLOC freed 510K, 16% free 3028K/3600K, paused 34ms, total 34ms
08-20 21:05:09.176: D/dalvikvm(731): GC_FOR_ALLOC freed 510K, 16% free 3028K/3600K, paused 34ms, total 34ms
08-20 21:05:10.666: D/VRouterService(731): Outgoing packet written to the tunnel
08-20 21:05:10.696: D/VRouterService(731): Pkt info: src=10.0.0.2:60590  dst=74.125.70.141:80 len=60
08-20 21:05:10.696: D/VRouterService(731): got TCP packet!!!
08-20 21:05:10.716: D/VRouterService(731): start connection.
08-20 21:05:10.746: D/VRouterService(731): send out TCP pkt size 20
08-20 21:05:10.866: D/VRouterService(731): From Server: HTTP/1.0 400 Bad Request
08-20 21:05:12.776: D/dalvikvm(731): GC_FOR_ALLOC freed 511K, 16% free 3028K/3600K, paused 34ms, total 36ms
08-20 21:05:16.076: D/dalvikvm(731): GC_FOR_ALLOC freed 510K, 16% free 3028K/3600K, paused 35ms, total 37ms
08-20 21:05:19.966: D/dalvikvm(731): GC_FOR_ALLOC freed 510K, 16% free 3028K/3600K, paused 37ms, total 37ms
08-20 21:05:23.347: D/dalvikvm(731): GC_FOR_ALLOC freed 510K, 16% free 3028K/3600K, paused 35ms, total 35ms
08-20 21:05:26.596: D/dalvikvm(731): GC_FOR_ALLOC freed 510K, 16% free 3028K/3600K, paused 35ms, total 35ms
08-20 21:05:29.896: D/dalvikvm(731): GC_FOR_ALLOC freed 510K, 16% free 3028K/3600K, paused 36ms, total 36ms
08-20 21:05:33.196: D/dalvikvm(731): GC_FOR_ALLOC freed 510K, 16% free 3028K/3600K, paused 34ms, total 34ms
08-20 21:05:36.616: D/dalvikvm(731): GC_FOR_ALLOC freed 510K, 16% free 3028K/3600K, paused 40ms, total 40ms
08-20 21:05:39.926: D/dalvikvm(731): GC_FOR_ALLOC freed 510K, 16% free 3028K/3600K, paused 35ms, total 35ms
08-20 21:05:43.246: D/dalvikvm(731): GC_FOR_ALLOC freed 510K, 16% free 3028K/3600K, paused 33ms, total 33ms
08-20 21:05:46.626: D/dalvikvm(731): GC_FOR_ALLOC freed 510K, 16% free 3028K/3600K, paused 34ms, total 34ms
08-20 21:05:49.956: D/dalvikvm(731): GC_FOR_ALLOC freed 510K, 16% free 3028K/3600K, paused 34ms, total 34ms
08-20 21:05:53.316: D/dalvikvm(731): GC_FOR_ALLOC freed 510K, 16% free 3028K/3600K, paused 35ms, total 35ms
08-20 21:05:56.606: D/dalvikvm(731): GC_FOR_ALLOC freed 510K, 16% free 3028K/3600K, paused 37ms, total 37ms
08-20 21:05:59.826: D/dalvikvm(731): GC_FOR_ALLOC freed 510K, 16% free 3028K/3600K, paused 34ms, total 34ms
08-20 21:06:03.366: D/dalvikvm(731): GC_FOR_ALLOC freed 510K, 16% free 3028K/3600K, paused 33ms, total 33ms
08-20 21:06:06.757: D/dalvikvm(731): GC_FOR_ALLOC freed 510K, 16% free 3028K/3600K, paused 36ms, total 36ms
08-20 21:06:10.246: D/dalvikvm(731): GC_FOR_ALLOC freed 510K, 16% free 3028K/3600K, paused 37ms, total 37ms
08-20 21:06:13.796: D/dalvikvm(731): GC_FOR_ALLOC freed 510K, 16% free 3028K/3600K, paused 40ms, total 40ms
08-20 21:06:17.097: D/dalvikvm(731): GC_FOR_ALLOC freed 510K, 16% free 3028K/3600K, paused 33ms, total 33ms
08-20 21:06:20.466: D/dalvikvm(731): GC_FOR_ALLOC freed 510K, 16% free 3028K/3600K, paused 37ms, total 37ms
08-20 21:06:23.986: D/dalvikvm(731): GC_FOR_ALLOC freed 510K, 16% free 3028K/3600K, paused 36ms, total 36ms
08-20 21:06:27.426: D/dalvikvm(731): GC_FOR_ALLOC freed 510K, 16% free 3028K/3600K, paused 34ms, total 34ms
08-20 21:06:30.756: D/dalvikvm(731): GC_FOR_ALLOC freed 510K, 16% free 3028K/3600K, paused 34ms, total 34ms
08-20 21:06:34.186: D/dalvikvm(731): GC_FOR_ALLOC freed 510K, 16% free 3028K/3600K, paused 35ms, total 35ms
08-20 21:06:37.676: D/dalvikvm(731): GC_FOR_ALLOC freed 510K, 16% free 3028K/3600K, paused 35ms, total 35ms
08-20 21:06:41.046: D/dalvikvm(731): GC_FOR_ALLOC freed 510K, 16% free 3028K/3600K, paused 38ms, total 38ms
08-20 21:06:44.506: D/dalvikvm(731): GC_FOR_ALLOC freed 510K, 16% free 3028K/3600K, paused 34ms, total 34ms
08-20 21:06:46.677: I/System.out(731): HTTP IO Exception
08-20 21:06:46.796: W/System.err(731): org.apache.http.conn.HttpHostConnectException: Connection to http://testdbserver.appspot.com refused
08-20 21:06:48.037: D/dalvikvm(731): GC_FOR_ALLOC freed 505K, 16% free 3033K/3600K, paused 36ms, total 36ms
08-20 21:06:48.087: W/System.err(731): 	at org.apache.http.impl.conn.DefaultClientConnectionOperator.openConnection(DefaultClientConnectionOperator.java:183)
08-20 21:06:48.087: W/System.err(731): 	at org.apache.http.impl.conn.AbstractPoolEntry.open(AbstractPoolEntry.java:164)
08-20 21:06:48.307: W/System.err(731): 	at org.apache.http.impl.conn.AbstractPooledConnAdapter.open(AbstractPooledConnAdapter.java:119)
08-20 21:06:48.486: W/System.err(731): 	at org.apache.http.impl.client.DefaultRequestDirector.execute(DefaultRequestDirector.java:360)
08-20 21:06:48.647: W/System.err(731): 	at org.apache.http.impl.client.AbstractHttpClient.execute(AbstractHttpClient.java:555)
08-20 21:06:48.827: W/System.err(731): 	at org.apache.http.impl.client.AbstractHttpClient.execute(AbstractHttpClient.java:487)
08-20 21:06:49.027: W/System.err(731): 	at org.apache.http.impl.client.AbstractHttpClient.execute(AbstractHttpClient.java:465)
08-20 21:06:49.186: W/System.err(731): 	at com.example.vrouter.VRouterService$httpQuery.doInBackground(VRouterService.java:895)
08-20 21:06:49.407: W/System.err(731): 	at com.example.vrouter.VRouterService$httpQuery.doInBackground(VRouterService.java:1)
08-20 21:06:49.596: W/System.err(731): 	at android.os.AsyncTask$2.call(AsyncTask.java:287)
08-20 21:06:49.756: W/System.err(731): 	at java.util.concurrent.FutureTask.run(FutureTask.java:234)
08-20 21:06:49.936: W/System.err(731): 	at android.os.AsyncTask$SerialExecutor$1.run(AsyncTask.java:230)
08-20 21:06:50.156: W/System.err(731): 	at java.util.concurrent.ThreadPoolExecutor.runWorker(ThreadPoolExecutor.java:1080)
08-20 21:06:50.296: W/System.err(731): 	at java.util.concurrent.ThreadPoolExecutor$Worker.run(ThreadPoolExecutor.java:573)
08-20 21:06:50.676: W/System.err(731): 	at java.lang.Thread.run(Thread.java:841)
08-20 21:06:50.936: W/System.err(731): Caused by: java.net.ConnectException: failed to connect to /74.125.70.141 (port 80): connect failed: ETIMEDOUT (Connection timed out)
08-20 21:06:51.596: D/dalvikvm(731): GC_FOR_ALLOC freed 507K, 16% free 3038K/3608K, paused 37ms, total 37ms
08-20 21:06:51.646: W/System.err(731): 	at libcore.io.IoBridge.connect(IoBridge.java:114)
08-20 21:06:51.826: W/System.err(731): 	at java.net.PlainSocketImpl.connect(PlainSocketImpl.java:192)
08-20 21:06:51.986: W/System.err(731): 	at java.net.PlainSocketImpl.connect(PlainSocketImpl.java:459)
08-20 21:06:52.206: W/System.err(731): 	at java.net.Socket.connect(Socket.java:842)
08-20 21:06:52.396: W/System.err(731): 	at org.apache.http.conn.scheme.PlainSocketFactory.connectSocket(PlainSocketFactory.java:119)
08-20 21:06:52.576: W/System.err(731): 	at org.apache.http.impl.conn.DefaultClientConnectionOperator.openConnection(DefaultClientConnectionOperator.java:144)
08-20 21:06:52.756: W/System.err(731): 	... 14 more
08-20 21:06:52.886: W/System.err(731): Caused by: libcore.io.ErrnoException: connect failed: ETIMEDOUT (Connection timed out)
08-20 21:06:53.156: W/System.err(731): 	at libcore.io.Posix.connect(Native Method)
08-20 21:06:53.216: W/System.err(731): 	at libcore.io.BlockGuardOs.connect(BlockGuardOs.java:85)
08-20 21:06:53.416: W/System.err(731): 	at libcore.io.IoBridge.connectErrno(IoBridge.java:127)
08-20 21:06:53.576: W/System.err(731): 	at libcore.io.IoBridge.connect(IoBridge.java:112)
08-20 21:06:53.736: W/System.err(731): 	... 19 more
08-20 21:06:53.846: I/System.out(731): Error in JSON decoding
08-20 21:06:54.257: W/System.err(731): org.json.JSONException: End of input at character 0 of 
08-20 21:06:55.216: D/dalvikvm(731): GC_FOR_ALLOC freed 519K, 17% free 3031K/3612K, paused 34ms, total 34ms
08-20 21:06:55.216: W/System.err(731): 	at org.json.JSONTokener.syntaxError(JSONTokener.java:450)
08-20 21:06:55.396: W/System.err(731): 	at org.json.JSONTokener.nextValue(JSONTokener.java:97)
08-20 21:06:55.556: W/System.err(731): 	at org.json.JSONArray.<init>(JSONArray.java:87)
08-20 21:06:55.696: W/System.err(731): 	at org.json.JSONArray.<init>(JSONArray.java:103)
08-20 21:06:55.836: W/System.err(731): 	at com.example.vrouter.VRouterService$httpQuery.doInBackground(VRouterService.java:908)
08-20 21:06:56.016: W/System.err(731): 	at com.example.vrouter.VRouterService$httpQuery.doInBackground(VRouterService.java:1)
08-20 21:06:56.186: W/System.err(731): 	at android.os.AsyncTask$2.call(AsyncTask.java:287)
08-20 21:06:56.366: W/System.err(731): 	at java.util.concurrent.FutureTask.run(FutureTask.java:234)
08-20 21:06:56.526: W/System.err(731): 	at android.os.AsyncTask$SerialExecutor$1.run(AsyncTask.java:230)
08-20 21:06:56.676: W/System.err(731): 	at java.util.concurrent.ThreadPoolExecutor.runWorker(ThreadPoolExecutor.java:1080)
08-20 21:06:56.846: W/System.err(731): 	at java.util.concurrent.ThreadPoolExecutor$Worker.run(ThreadPoolExecutor.java:573)
08-20 21:06:57.016: W/System.err(731): 	at java.lang.Thread.run(Thread.java:841)
08-20 21:06:58.716: D/dalvikvm(731): GC_FOR_ALLOC freed 514K, 17% free 3028K/3612K, paused 35ms, total 35ms
08-20 21:07:02.296: D/dalvikvm(731): GC_FOR_ALLOC freed 512K, 17% free 3028K/3612K, paused 35ms, total 35ms
08-20 21:07:05.887: D/dalvikvm(731): GC_FOR_ALLOC freed 511K, 17% free 3028K/3612K, paused 36ms, total 36ms
08-20 21:07:09.857: D/dalvikvm(731): GC_FOR_ALLOC freed 511K, 17% free 3029K/3612K, paused 35ms, total 35ms
08-20 21:07:13.176: D/dalvikvm(731): GC_FOR_ALLOC freed 512K, 17% free 3029K/3612K, paused 34ms, total 34ms
08-20 21:07:16.476: D/dalvikvm(731): GC_FOR_ALLOC freed 511K, 17% free 3029K/3612K, paused 35ms, total 35ms
08-20 21:07:19.846: D/dalvikvm(731): GC_FOR_ALLOC freed 512K, 17% free 3029K/3612K, paused 36ms, total 36ms
08-20 21:07:23.146: D/dalvikvm(731): GC_FOR_ALLOC freed 511K, 17% free 3029K/3612K, paused 33ms, total 33ms
08-20 21:07:26.366: D/dalvikvm(731): GC_FOR_ALLOC freed 512K, 17% free 3029K/3612K, paused 34ms, total 34ms
08-20 21:07:29.627: D/dalvikvm(731): GC_FOR_ALLOC freed 511K, 17% free 3029K/3612K, paused 34ms, total 34ms
08-20 21:07:32.926: D/dalvikvm(731): GC_FOR_ALLOC freed 511K, 17% free 3029K/3612K, paused 33ms, total 33ms
08-20 21:07:36.186: D/dalvikvm(731): GC_FOR_ALLOC freed 511K, 17% free 3029K/3612K, paused 39ms, total 39ms
08-20 21:07:39.516: D/dalvikvm(731): GC_FOR_ALLOC freed 512K, 17% free 3029K/3612K, paused 36ms, total 36ms
08-20 21:07:42.866: D/dalvikvm(731): GC_FOR_ALLOC freed 511K, 17% free 3029K/3612K, paused 34ms, total 34ms
08-20 21:07:46.196: D/dalvikvm(731): GC_FOR_ALLOC freed 512K, 17% free 3029K/3612K, paused 34ms, total 34ms
08-20 21:07:49.456: D/dalvikvm(731): GC_FOR_ALLOC freed 512K, 17% free 3029K/3612K, paused 32ms, total 32ms
08-20 21:07:52.716: D/dalvikvm(731): GC_FOR_ALLOC freed 511K, 17% free 3029K/3612K, paused 34ms, total 34ms
08-20 21:07:55.956: D/dalvikvm(731): GC_FOR_ALLOC freed 511K, 17% free 3029K/3612K, paused 35ms, total 35ms
08-20 21:07:59.226: D/dalvikvm(731): GC_FOR_ALLOC freed 512K, 17% free 3029K/3612K, paused 33ms, total 33ms
08-20 21:08:00.316: I/Choreographer(406): Skipped 37 frames!  The application may be doing too much work on its main thread.
08-20 21:08:02.986: D/dalvikvm(731): GC_FOR_ALLOC freed 511K, 17% free 3029K/3612K, paused 34ms, total 34ms
08-20 21:08:06.696: D/dalvikvm(731): GC_FOR_ALLOC freed 511K, 17% free 3029K/3612K, paused 37ms, total 37ms
08-20 21:08:10.216: D/dalvikvm(731): GC_FOR_ALLOC freed 512K, 17% free 3029K/3612K, paused 37ms, total 37ms
08-20 21:08:13.586: D/dalvikvm(731): GC_FOR_ALLOC freed 512K, 17% free 3029K/3612K, paused 34ms, total 34ms
08-20 21:08:16.946: D/dalvikvm(731): GC_FOR_ALLOC freed 511K, 17% free 3029K/3612K, paused 34ms, total 35ms
08-20 21:08:20.626: D/dalvikvm(731): GC_FOR_ALLOC freed 512K, 17% free 3029K/3612K, paused 45ms, total 45ms
08-20 21:08:24.156: D/dalvikvm(731): GC_FOR_ALLOC freed 511K, 17% free 3029K/3612K, paused 34ms, total 34ms
08-20 21:08:27.536: D/dalvikvm(731): GC_FOR_ALLOC freed 512K, 17% free 3029K/3612K, paused 36ms, total 36ms
08-20 21:08:30.736: D/dalvikvm(731): GC_FOR_ALLOC freed 511K, 17% free 3029K/3612K, paused 34ms, total 34ms
08-20 21:08:34.047: D/dalvikvm(731): GC_FOR_ALLOC freed 511K, 17% free 3029K/3612K, paused 33ms, total 33ms
08-20 21:08:37.246: D/dalvikvm(731): GC_FOR_ALLOC freed 511K, 17% free 3029K/3612K, paused 32ms, total 32ms
08-20 21:08:40.726: D/dalvikvm(731): GC_FOR_ALLOC freed 511K, 17% free 3029K/3612K, paused 36ms, total 36ms
08-20 21:08:44.237: D/dalvikvm(731): GC_FOR_ALLOC freed 512K, 17% free 3029K/3612K, paused 35ms, total 35ms
08-20 21:08:47.586: D/dalvikvm(731): GC_FOR_ALLOC freed 512K, 17% free 3029K/3612K, paused 35ms, total 35ms
08-20 21:08:50.796: D/dalvikvm(731): GC_FOR_ALLOC freed 512K, 17% free 3029K/3612K, paused 33ms, total 33ms
08-20 21:08:54.107: D/dalvikvm(731): GC_FOR_ALLOC freed 511K, 17% free 3029K/3612K, paused 34ms, total 34ms
08-20 21:08:57.296: D/dalvikvm(731): GC_FOR_ALLOC freed 512K, 17% free 3029K/3612K, paused 33ms, total 33ms
08-20 21:09:00.996: D/dalvikvm(731): GC_FOR_ALLOC freed 511K, 17% free 3029K/3612K, paused 31ms, total 31ms
08-20 21:09:04.286: D/dalvikvm(731): GC_FOR_ALLOC freed 511K, 17% free 3029K/3612K, paused 32ms, total 32ms
08-20 21:09:07.497: D/dalvikvm(731): GC_FOR_ALLOC freed 512K, 17% free 3029K/3612K, paused 35ms, total 35ms
08-20 21:09:10.716: D/dalvikvm(731): GC_FOR_ALLOC freed 512K, 17% free 3029K/3612K, paused 33ms, total 33ms
08-20 21:09:13.976: D/dalvikvm(731): GC_FOR_ALLOC freed 511K, 17% free 3029K/3612K, paused 35ms, total 35ms
08-20 21:09:17.276: D/dalvikvm(731): GC_FOR_ALLOC freed 512K, 17% free 3029K/3612K, paused 34ms, total 34ms
08-20 21:09:20.686: D/dalvikvm(731): GC_FOR_ALLOC freed 511K, 17% free 3029K/3612K, paused 33ms, total 33ms
08-20 21:09:23.936: D/dalvikvm(731): GC_FOR_ALLOC freed 512K, 17% free 3029K/3612K, paused 35ms, total 35ms
08-20 21:09:27.136: D/dalvikvm(731): GC_FOR_ALLOC freed 511K, 17% free 3029K/3612K, paused 33ms, total 33ms
08-20 21:09:30.376: D/dalvikvm(731): GC_FOR_ALLOC freed 512K, 17% free 3029K/3612K, paused 33ms, total 33ms
08-20 21:09:33.657: D/dalvikvm(731): GC_FOR_ALLOC freed 511K, 17% free 3029K/3612K, paused 33ms, total 33ms
08-20 21:09:36.897: D/dalvikvm(731): GC_FOR_ALLOC freed 511K, 17% free 3029K/3612K, paused 35ms, total 35ms
08-20 21:09:40.126: D/dalvikvm(731): GC_FOR_ALLOC freed 511K, 17% free 3029K/3612K, paused 35ms, total 35ms
08-20 21:09:43.366: D/dalvikvm(731): GC_FOR_ALLOC freed 512K, 17% free 3029K/3612K, paused 33ms, total 33ms
08-20 21:09:46.646: D/dalvikvm(731): GC_FOR_ALLOC freed 511K, 17% free 3029K/3612K, paused 32ms, total 32ms
08-20 21:09:49.896: D/dalvikvm(731): GC_FOR_ALLOC freed 512K, 17% free 3029K/3612K, paused 33ms, total 33ms
08-20 21:09:53.206: D/dalvikvm(731): GC_FOR_ALLOC freed 512K, 17% free 3029K/3612K, paused 36ms, total 36ms
08-20 21:09:56.506: D/dalvikvm(731): GC_FOR_ALLOC freed 511K, 17% free 3029K/3612K, paused 33ms, total 33ms
08-20 21:09:59.936: D/dalvikvm(731): GC_FOR_ALLOC freed 511K, 17% free 3029K/3612K, paused 34ms, total 34ms
08-20 21:10:03.596: D/dalvikvm(731): GC_FOR_ALLOC freed 512K, 17% free 3029K/3612K, paused 35ms, total 35ms
08-20 21:10:07.056: D/dalvikvm(731): GC_FOR_ALLOC freed 512K, 17% free 3029K/3612K, paused 36ms, total 36ms
08-20 21:10:10.576: D/dalvikvm(731): GC_FOR_ALLOC freed 511K, 17% free 3029K/3612K, paused 35ms, total 35ms
08-20 21:10:14.086: D/dalvikvm(731): GC_FOR_ALLOC freed 512K, 17% free 3029K/3612K, paused 34ms, total 34ms
08-20 21:10:17.607: D/dalvikvm(731): GC_FOR_ALLOC freed 511K, 17% free 3029K/3612K, paused 36ms, total 37ms
08-20 21:10:21.266: D/dalvikvm(731): GC_FOR_ALLOC freed 512K, 17% free 3029K/3612K, paused 35ms, total 35ms
08-20 21:10:24.716: D/dalvikvm(731): GC_FOR_ALLOC freed 511K, 17% free 3029K/3612K, paused 35ms, total 35ms
08-20 21:10:28.016: D/dalvikvm(731): GC_FOR_ALLOC freed 511K, 17% free 3029K/3612K, paused 35ms, total 35ms
08-20 21:10:31.277: D/dalvikvm(731): GC_FOR_ALLOC freed 512K, 17% free 3029K/3612K, paused 33ms, total 33ms
08-20 21:10:34.526: D/dalvikvm(731): GC_FOR_ALLOC freed 511K, 17% free 3029K/3612K, paused 35ms, total 35ms
08-20 21:10:35.866: D/dalvikvm(287): GC_FOR_ALLOC freed 555K, 64% free 4838K/13276K, paused 240ms, total 269ms
08-20 21:10:37.956: D/dalvikvm(731): GC_FOR_ALLOC freed 512K, 17% free 3029K/3612K, paused 34ms, total 37ms
08-20 21:10:41.276: D/dalvikvm(731): GC_FOR_ALLOC freed 512K, 17% free 3028K/3612K, paused 35ms, total 36ms
08-20 21:10:44.556: D/dalvikvm(731): GC_FOR_ALLOC freed 512K, 17% free 3028K/3612K, paused 35ms, total 35ms
08-20 21:10:47.926: D/dalvikvm(731): GC_FOR_ALLOC freed 511K, 17% free 3028K/3612K, paused 34ms, total 34ms
08-20 21:10:51.306: D/dalvikvm(731): GC_FOR_ALLOC freed 511K, 17% free 3028K/3612K, paused 33ms, total 33ms
08-20 21:10:54.556: D/dalvikvm(731): GC_FOR_ALLOC freed 512K, 17% free 3028K/3612K, paused 35ms, total 35ms
08-20 21:10:57.856: D/dalvikvm(731): GC_FOR_ALLOC freed 511K, 17% free 3028K/3612K, paused 35ms, total 35ms
08-20 21:11:01.297: D/dalvikvm(731): GC_FOR_ALLOC freed 511K, 17% free 3028K/3612K, paused 35ms, total 35ms
08-20 21:11:04.526: D/dalvikvm(731): GC_FOR_ALLOC freed 512K, 17% free 3028K/3612K, paused 33ms, total 33ms
08-20 21:11:07.776: D/dalvikvm(731): GC_FOR_ALLOC freed 511K, 17% free 3028K/3612K, paused 34ms, total 34ms
08-20 21:11:11.056: D/dalvikvm(731): GC_FOR_ALLOC freed 511K, 17% free 3028K/3612K, paused 33ms, total 33ms
08-20 21:11:14.416: D/dalvikvm(731): GC_FOR_ALLOC freed 511K, 17% free 3028K/3612K, paused 37ms, total 37ms
08-20 21:11:17.836: D/dalvikvm(731): GC_FOR_ALLOC freed 511K, 17% free 3028K/3612K, paused 33ms, total 33ms
08-20 21:11:21.257: D/dalvikvm(731): GC_FOR_ALLOC freed 511K, 17% free 3028K/3612K, paused 34ms, total 34ms
08-20 21:11:24.576: D/dalvikvm(731): GC_FOR_ALLOC freed 512K, 17% free 3028K/3612K, paused 35ms, total 35ms
08-20 21:11:27.966: D/dalvikvm(731): GC_FOR_ALLOC freed 512K, 17% free 3028K/3612K, paused 46ms, total 46ms
08-20 21:11:31.316: D/dalvikvm(731): GC_FOR_ALLOC freed 511K, 17% free 3028K/3612K, paused 39ms, total 39ms
08-20 21:11:34.696: D/dalvikvm(731): GC_FOR_ALLOC freed 511K, 17% free 3028K/3612K, paused 37ms, total 37ms
08-20 21:11:38.116: D/dalvikvm(731): GC_FOR_ALLOC freed 512K, 17% free 3028K/3612K, paused 39ms, total 39ms
08-20 21:11:41.406: D/dalvikvm(731): GC_FOR_ALLOC freed 511K, 17% free 3028K/3612K, paused 33ms, total 34ms
08-20 21:11:44.896: D/dalvikvm(731): GC_FOR_ALLOC freed 511K, 17% free 3028K/3612K, paused 34ms, total 34ms
08-20 21:11:48.526: D/dalvikvm(731): GC_FOR_ALLOC freed 512K, 17% free 3028K/3612K, paused 39ms, total 39ms
