08-21 00:59:58.280: W/dalvikvm(539): PR_CAPBSET_DROP 21 failed: Invalid argument. Please make sure your kernel is compiled with file capabilities support enabled.
08-21 00:59:58.280: W/dalvikvm(539): PR_CAPBSET_DROP 22 failed: Invalid argument. Please make sure your kernel is compiled with file capabilities support enabled.
08-21 00:59:58.280: W/dalvikvm(539): PR_CAPBSET_DROP 23 failed: Invalid argument. Please make sure your kernel is compiled with file capabilities support enabled.
08-21 00:59:58.290: W/dalvikvm(539): PR_CAPBSET_DROP 24 failed: Invalid argument. Please make sure your kernel is compiled with file capabilities support enabled.
08-21 00:59:58.290: W/dalvikvm(539): PR_CAPBSET_DROP 25 failed: Invalid argument. Please make sure your kernel is compiled with file capabilities support enabled.
08-21 00:59:58.300: W/dalvikvm(539): PR_CAPBSET_DROP 26 failed: Invalid argument. Please make sure your kernel is compiled with file capabilities support enabled.
08-21 00:59:58.300: W/dalvikvm(539): PR_CAPBSET_DROP 27 failed: Invalid argument. Please make sure your kernel is compiled with file capabilities support enabled.
08-21 00:59:58.300: W/dalvikvm(539): PR_CAPBSET_DROP 28 failed: Invalid argument. Please make sure your kernel is compiled with file capabilities support enabled.
08-21 00:59:58.300: W/dalvikvm(539): PR_CAPBSET_DROP 29 failed: Invalid argument. Please make sure your kernel is compiled with file capabilities support enabled.
08-21 00:59:58.310: W/dalvikvm(539): PR_CAPBSET_DROP 30 failed: Invalid argument. Please make sure your kernel is compiled with file capabilities support enabled.
08-21 00:59:58.310: W/dalvikvm(539): PR_CAPBSET_DROP 31 failed: Invalid argument. Please make sure your kernel is compiled with file capabilities support enabled.
08-21 00:59:58.310: W/dalvikvm(539): PR_CAPBSET_DROP 32 failed: Invalid argument. Please make sure your kernel is compiled with file capabilities support enabled.
08-21 00:59:58.310: W/dalvikvm(539): PR_CAPBSET_DROP 33 failed: Invalid argument. Please make sure your kernel is compiled with file capabilities support enabled.
08-21 00:59:58.319: I/ActivityManager(287): Start proc com.android.music for broadcast com.android.music/.MediaButtonIntentReceiver: pid=539 uid=10034 gids={50034, 3003, 1015, 1028}
08-21 00:59:58.640: D/dalvikvm(451): GC_CONCURRENT freed 142K, 7% free 2758K/2960K, paused 11ms+161ms, total 593ms
08-21 00:59:58.970: I/dalvikvm(539): Turning on JNI app bug workarounds for target SDK version 9...
08-21 00:59:59.130: D/dalvikvm(287): GC_FOR_ALLOC freed 471K, 66% free 4513K/13276K, paused 227ms, total 229ms
08-21 00:59:59.390: D/PhoneStatusBar(406): disable: < expand icons alerts ticker system_info back home recent clock search >
08-21 00:59:59.960: D/dalvikvm(287): GREF has increased to 401
08-21 01:00:00.230: I/AudioService(287):   Remote Control   registerMediaButtonIntent() for PendingIntent{420add88: PendingIntentRecord{42090648 com.android.music broadcastIntent}}
08-21 01:00:00.400: I/InputReader(287): Reconfiguring input devices.  changes=0x00000010
08-21 01:00:00.440: W/dalvikvm(559): PR_CAPBSET_DROP 0 failed: Invalid argument. Please make sure your kernel is compiled with file capabilities support enabled.
08-21 01:00:00.440: W/dalvikvm(559): PR_CAPBSET_DROP 1 failed: Invalid argument. Please make sure your kernel is compiled with file capabilities support enabled.
08-21 01:00:00.440: W/dalvikvm(559): PR_CAPBSET_DROP 2 failed: Invalid argument. Please make sure your kernel is compiled with file capabilities support enabled.
08-21 01:00:00.440: W/dalvikvm(559): PR_CAPBSET_DROP 3 failed: Invalid argument. Please make sure your kernel is compiled with file capabilities support enabled.
08-21 01:00:00.450: W/dalvikvm(559): PR_CAPBSET_DROP 4 failed: Invalid argument. Please make sure your kernel is compiled with file capabilities support enabled.
08-21 01:00:00.450: W/dalvikvm(559): PR_CAPBSET_DROP 5 failed: Invalid argument. Please make sure your kernel is compiled with file capabilities support enabled.
08-21 01:00:00.450: W/dalvikvm(559): PR_CAPBSET_DROP 6 failed: Invalid argument. Please make sure your kernel is compiled with file capabilities support enabled.
08-21 01:00:00.450: W/dalvikvm(559): PR_CAPBSET_DROP 7 failed: Invalid argument. Please make sure your kernel is compiled with file capabilities support enabled.
08-21 01:00:00.450: W/dalvikvm(559): PR_CAPBSET_DROP 8 failed: Invalid argument. Please make sure your kernel is compiled with file capabilities support enabled.
08-21 01:00:00.450: W/dalvikvm(559): PR_CAPBSET_DROP 9 failed: Invalid argument. Please make sure your kernel is compiled with file capabilities support enabled.
08-21 01:00:00.450: W/dalvikvm(559): PR_CAPBSET_DROP 10 failed: Invalid argument. Please make sure your kernel is compiled with file capabilities support enabled.
08-21 01:00:00.450: W/dalvikvm(559): PR_CAPBSET_DROP 11 failed: Invalid argument. Please make sure your kernel is compiled with file capabilities support enabled.
08-21 01:00:00.450: W/dalvikvm(559): PR_CAPBSET_DROP 12 failed: Invalid argument. Please make sure your kernel is compiled with file capabilities support enabled.
08-21 01:00:00.450: W/dalvikvm(559): PR_CAPBSET_DROP 13 failed: Invalid argument. Please make sure your kernel is compiled with file capabilities support enabled.
08-21 01:00:00.460: W/dalvikvm(559): PR_CAPBSET_DROP 14 failed: Invalid argument. Please make sure your kernel is compiled with file capabilities support enabled.
08-21 01:00:00.460: W/dalvikvm(559): PR_CAPBSET_DROP 15 failed: Invalid argument. Please make sure your kernel is compiled with file capabilities support enabled.
08-21 01:00:00.460: W/dalvikvm(559): PR_CAPBSET_DROP 16 failed: Invalid argument. Please make sure your kernel is compiled with file capabilities support enabled.
08-21 01:00:00.460: W/dalvikvm(559): PR_CAPBSET_DROP 17 failed: Invalid argument. Please make sure your kernel is compiled with file capabilities support enabled.
08-21 01:00:00.460: W/dalvikvm(559): PR_CAPBSET_DROP 18 failed: Invalid argument. Please make sure your kernel is compiled with file capabilities support enabled.
08-21 01:00:00.460: W/dalvikvm(559): PR_CAPBSET_DROP 19 failed: Invalid argument. Please make sure your kernel is compiled with file capabilities support enabled.
08-21 01:00:00.460: W/dalvikvm(559): PR_CAPBSET_DROP 20 failed: Invalid argument. Please make sure your kernel is compiled with file capabilities support enabled.
08-21 01:00:00.460: W/dalvikvm(559): PR_CAPBSET_DROP 21 failed: Invalid argument. Please make sure your kernel is compiled with file capabilities support enabled.
08-21 01:00:00.460: W/dalvikvm(559): PR_CAPBSET_DROP 22 failed: Invalid argument. Please make sure your kernel is compiled with file capabilities support enabled.
08-21 01:00:00.470: W/dalvikvm(559): PR_CAPBSET_DROP 23 failed: Invalid argument. Please make sure your kernel is compiled with file capabilities support enabled.
08-21 01:00:00.470: W/dalvikvm(559): PR_CAPBSET_DROP 24 failed: Invalid argument. Please make sure your kernel is compiled with file capabilities support enabled.
08-21 01:00:00.470: W/dalvikvm(559): PR_CAPBSET_DROP 25 failed: Invalid argument. Please make sure your kernel is compiled with file capabilities support enabled.
08-21 01:00:00.470: W/dalvikvm(559): PR_CAPBSET_DROP 26 failed: Invalid argument. Please make sure your kernel is compiled with file capabilities support enabled.
08-21 01:00:00.470: W/dalvikvm(559): PR_CAPBSET_DROP 27 failed: Invalid argument. Please make sure your kernel is compiled with file capabilities support enabled.
08-21 01:00:00.470: W/dalvikvm(559): PR_CAPBSET_DROP 28 failed: Invalid argument. Please make sure your kernel is compiled with file capabilities support enabled.
08-21 01:00:00.470: W/dalvikvm(559): PR_CAPBSET_DROP 29 failed: Invalid argument. Please make sure your kernel is compiled with file capabilities support enabled.
08-21 01:00:00.480: W/dalvikvm(559): PR_CAPBSET_DROP 30 failed: Invalid argument. Please make sure your kernel is compiled with file capabilities support enabled.
08-21 01:00:00.480: W/dalvikvm(559): PR_CAPBSET_DROP 31 failed: Invalid argument. Please make sure your kernel is compiled with file capabilities support enabled.
08-21 01:00:00.480: W/dalvikvm(559): PR_CAPBSET_DROP 32 failed: Invalid argument. Please make sure your kernel is compiled with file capabilities support enabled.
08-21 01:00:00.480: W/dalvikvm(559): PR_CAPBSET_DROP 33 failed: Invalid argument. Please make sure your kernel is compiled with file capabilities support enabled.
08-21 01:00:00.490: I/ActivityManager(287): Start proc android.process.media for content provider com.android.providers.media/.MediaProvider: pid=559 uid=10005 gids={50005, 1015, 1023, 1024, 1028, 1006, 2001, 3003, 3007}
08-21 01:00:00.570: I/InputReader(287): Reconfiguring input devices.  changes=0x00000010
08-21 01:00:01.340: D/TelephonyDebugService(451): TelephonyDebugService()
08-21 01:00:01.590: D/dalvikvm(406): GC_CONCURRENT freed 118K, 5% free 3698K/3876K, paused 5ms+73ms, total 551ms
08-21 01:00:01.990: E/BluetoothAdapter(406): Bluetooth binder is null
08-21 01:00:02.090: D/SystemUIService(406): loading: class com.android.systemui.power.PowerUI
08-21 01:00:02.110: D/SystemUIService(406): running: com.android.systemui.power.PowerUI@417cdaa8
08-21 01:00:02.450: D/SystemUIService(406): loading: class com.android.systemui.media.RingtonePlayer
08-21 01:00:02.460: D/SystemUIService(406): running: com.android.systemui.media.RingtonePlayer@416ec8e8
08-21 01:00:02.500: D/SystemUIService(406): loading: class com.android.systemui.settings.SettingsUI
08-21 01:00:02.500: D/SystemUIService(406): running: com.android.systemui.settings.SettingsUI@41713240
08-21 01:00:02.890: D/dalvikvm(287): GC_FOR_ALLOC freed 457K, 66% free 4568K/13276K, paused 331ms, total 336ms
08-21 01:00:03.079: I/Choreographer(406): Skipped 5967 frames!  The application may be doing too much work on its main thread.
08-21 01:00:03.180: W/ActivityManager(287): Activity idle timeout for ActivityRecord{4174bbc0 u0 com.android.settings/.CryptKeeper}
08-21 01:00:03.210: W/dalvikvm(582): PR_CAPBSET_DROP 0 failed: Invalid argument. Please make sure your kernel is compiled with file capabilities support enabled.
08-21 01:00:03.210: W/dalvikvm(582): PR_CAPBSET_DROP 1 failed: Invalid argument. Please make sure your kernel is compiled with file capabilities support enabled.
08-21 01:00:03.210: W/dalvikvm(582): PR_CAPBSET_DROP 2 failed: Invalid argument. Please make sure your kernel is compiled with file capabilities support enabled.
08-21 01:00:03.220: W/dalvikvm(582): PR_CAPBSET_DROP 3 failed: Invalid argument. Please make sure your kernel is compiled with file capabilities support enabled.
08-21 01:00:03.220: W/dalvikvm(582): PR_CAPBSET_DROP 4 failed: Invalid argument. Please make sure your kernel is compiled with file capabilities support enabled.
08-21 01:00:03.220: W/dalvikvm(582): PR_CAPBSET_DROP 5 failed: Invalid argument. Please make sure your kernel is compiled with file capabilities support enabled.
08-21 01:00:03.220: W/dalvikvm(582): PR_CAPBSET_DROP 6 failed: Invalid argument. Please make sure your kernel is compiled with file capabilities support enabled.
08-21 01:00:03.230: W/dalvikvm(582): PR_CAPBSET_DROP 7 failed: Invalid argument. Please make sure your kernel is compiled with file capabilities support enabled.
08-21 01:00:03.230: W/dalvikvm(582): PR_CAPBSET_DROP 8 failed: Invalid argument. Please make sure your kernel is compiled with file capabilities support enabled.
08-21 01:00:03.230: W/dalvikvm(582): PR_CAPBSET_DROP 9 failed: Invalid argument. Please make sure your kernel is compiled with file capabilities support enabled.
08-21 01:00:03.240: W/dalvikvm(582): PR_CAPBSET_DROP 10 failed: Invalid argument. Please make sure your kernel is compiled with file capabilities support enabled.
08-21 01:00:03.240: W/dalvikvm(582): PR_CAPBSET_DROP 11 failed: Invalid argument. Please make sure your kernel is compiled with file capabilities support enabled.
08-21 01:00:03.240: W/dalvikvm(582): PR_CAPBSET_DROP 12 failed: Invalid argument. Please make sure your kernel is compiled with file capabilities support enabled.
08-21 01:00:03.240: W/dalvikvm(582): PR_CAPBSET_DROP 13 failed: Invalid argument. Please make sure your kernel is compiled with file capabilities support enabled.
08-21 01:00:03.240: W/dalvikvm(582): PR_CAPBSET_DROP 14 failed: Invalid argument. Please make sure your kernel is compiled with file capabilities support enabled.
08-21 01:00:03.240: W/dalvikvm(582): PR_CAPBSET_DROP 15 failed: Invalid argument. Please make sure your kernel is compiled with file capabilities support enabled.
08-21 01:00:03.250: W/dalvikvm(582): PR_CAPBSET_DROP 16 failed: Invalid argument. Please make sure your kernel is compiled with file capabilities support enabled.
08-21 01:00:03.250: W/dalvikvm(582): PR_CAPBSET_DROP 17 failed: Invalid argument. Please make sure your kernel is compiled with file capabilities support enabled.
08-21 01:00:03.250: W/dalvikvm(582): PR_CAPBSET_DROP 18 failed: Invalid argument. Please make sure your kernel is compiled with file capabilities support enabled.
08-21 01:00:03.260: W/dalvikvm(582): PR_CAPBSET_DROP 19 failed: Invalid argument. Please make sure your kernel is compiled with file capabilities support enabled.
08-21 01:00:03.260: W/dalvikvm(582): PR_CAPBSET_DROP 20 failed: Invalid argument. Please make sure your kernel is compiled with file capabilities support enabled.
08-21 01:00:03.260: W/dalvikvm(582): PR_CAPBSET_DROP 21 failed: Invalid argument. Please make sure your kernel is compiled with file capabilities support enabled.
08-21 01:00:03.260: W/dalvikvm(582): PR_CAPBSET_DROP 22 failed: Invalid argument. Please make sure your kernel is compiled with file capabilities support enabled.
08-21 01:00:03.270: W/dalvikvm(582): PR_CAPBSET_DROP 23 failed: Invalid argument. Please make sure your kernel is compiled with file capabilities support enabled.
08-21 01:00:03.270: W/dalvikvm(582): PR_CAPBSET_DROP 24 failed: Invalid argument. Please make sure your kernel is compiled with file capabilities support enabled.
08-21 01:00:03.270: W/dalvikvm(582): PR_CAPBSET_DROP 25 failed: Invalid argument. Please make sure your kernel is compiled with file capabilities support enabled.
08-21 01:00:03.270: W/dalvikvm(582): PR_CAPBSET_DROP 26 failed: Invalid argument. Please make sure your kernel is compiled with file capabilities support enabled.
08-21 01:00:03.270: W/dalvikvm(582): PR_CAPBSET_DROP 27 failed: Invalid argument. Please make sure your kernel is compiled with file capabilities support enabled.
08-21 01:00:03.280: W/dalvikvm(582): PR_CAPBSET_DROP 28 failed: Invalid argument. Please make sure your kernel is compiled with file capabilities support enabled.
08-21 01:00:03.280: W/dalvikvm(582): PR_CAPBSET_DROP 29 failed: Invalid argument. Please make sure your kernel is compiled with file capabilities support enabled.
08-21 01:00:03.280: W/dalvikvm(582): PR_CAPBSET_DROP 30 failed: Invalid argument. Please make sure your kernel is compiled with file capabilities support enabled.
08-21 01:00:03.280: W/dalvikvm(582): PR_CAPBSET_DROP 31 failed: Invalid argument. Please make sure your kernel is compiled with file capabilities support enabled.
08-21 01:00:03.280: W/dalvikvm(582): PR_CAPBSET_DROP 32 failed: Invalid argument. Please make sure your kernel is compiled with file capabilities support enabled.
08-21 01:00:03.290: W/dalvikvm(582): PR_CAPBSET_DROP 33 failed: Invalid argument. Please make sure your kernel is compiled with file capabilities support enabled.
08-21 01:00:03.310: I/ActivityManager(287): Start proc com.android.defcontainer for on-hold: pid=582 uid=10027 gids={50027, 1015, 1023, 2001, 1028}
08-21 01:00:03.450: E/BluetoothAdapter(287): Bluetooth binder is null
08-21 01:00:03.450: E/BluetoothAdapter(287): Bluetooth binder is null
08-21 01:00:03.450: V/WiredAccessoryManager(287): init()
08-21 01:00:03.680: D/dalvikvm(406): GREF has increased to 201
08-21 01:00:03.870: W/dalvikvm(517): threadid=2: spin on suspend #1 threadid=11 (pcf=0)
08-21 01:00:03.870: D/dalvikvm(517): Temporarily moving tid 566 to fg (was 0)
08-21 01:00:03.870: D/dalvikvm(517): Temporarily raised priority on tid 566 (10 -> 0)
08-21 01:00:03.910: W/dalvikvm(517): threadid=2: spin on suspend resolved in 1045 msec
08-21 01:00:03.910: D/dalvikvm(517): Restored policy of 566 to 0
08-21 01:00:03.910: D/dalvikvm(517): Restored priority on 566 to 10
08-21 01:00:03.940: D/dalvikvm(517): GC_CONCURRENT freed 189K, 9% free 2759K/3012K, paused 5ms+1083ms, total 1216ms
08-21 01:00:04.270: W/ActivityManager(287): Launch timeout has expired, giving up wake lock!
08-21 01:00:04.650: E/SoundPool(287): error loading /system/media/audio/ui/Effect_Tick.ogg
08-21 01:00:04.650: W/AudioService(287): Soundpool could not load file: /system/media/audio/ui/Effect_Tick.ogg
08-21 01:00:04.650: E/SoundPool(287): error loading /system/media/audio/ui/Effect_Tick.ogg
08-21 01:00:04.710: W/AudioService(287): Soundpool could not load file: /system/media/audio/ui/Effect_Tick.ogg
08-21 01:00:04.710: E/SoundPool(287): error loading /system/media/audio/ui/Effect_Tick.ogg
08-21 01:00:04.710: W/AudioService(287): Soundpool could not load file: /system/media/audio/ui/Effect_Tick.ogg
08-21 01:00:04.720: E/SoundPool(287): error loading /system/media/audio/ui/Effect_Tick.ogg
08-21 01:00:04.750: W/AudioService(287): Soundpool could not load file: /system/media/audio/ui/Effect_Tick.ogg
08-21 01:00:04.750: E/SoundPool(287): error loading /system/media/audio/ui/Effect_Tick.ogg
08-21 01:00:04.750: W/AudioService(287): Soundpool could not load file: /system/media/audio/ui/Effect_Tick.ogg
08-21 01:00:04.760: E/SoundPool(287): error loading /system/media/audio/ui/KeypressStandard.ogg
08-21 01:00:04.770: W/AudioService(287): Soundpool could not load file: /system/media/audio/ui/KeypressStandard.ogg
08-21 01:00:04.770: E/SoundPool(287): error loading /system/media/audio/ui/KeypressSpacebar.ogg
08-21 01:00:04.780: W/AudioService(287): Soundpool could not load file: /system/media/audio/ui/KeypressSpacebar.ogg
08-21 01:00:04.780: D/dalvikvm(451): GC_CONCURRENT freed 283K, 11% free 2896K/3240K, paused 5ms+4ms, total 442ms
08-21 01:00:04.809: I/ContactsDatabaseHelper(517): Bootstrapping database version: 710
08-21 01:00:04.820: E/SoundPool(287): error loading /system/media/audio/ui/KeypressDelete.ogg
08-21 01:00:04.820: W/AudioService(287): Soundpool could not load file: /system/media/audio/ui/KeypressDelete.ogg
08-21 01:00:04.830: E/SoundPool(287): error loading /system/media/audio/ui/KeypressReturn.ogg
08-21 01:00:04.830: W/AudioService(287): Soundpool could not load file: /system/media/audio/ui/KeypressReturn.ogg
08-21 01:00:04.880: W/AudioService(287): onLoadSoundEffects(), Error -1 while loading samples
08-21 01:00:05.150: W/dalvikvm(504): threadid=2: spin on suspend #1 threadid=12 (pcf=0)
08-21 01:00:05.150: D/dalvikvm(504): Temporarily moving tid 578 to fg (was 0)
08-21 01:00:05.160: D/dalvikvm(504): Temporarily raised priority on tid 578 (10 -> 0)
08-21 01:00:05.230: W/dalvikvm(504): threadid=2: spin on suspend resolved in 1078 msec
08-21 01:00:05.230: D/dalvikvm(504): Restored policy of 578 to 0
08-21 01:00:05.230: D/dalvikvm(504): Restored priority on 578 to 10
08-21 01:00:05.660: D/dalvikvm(504): GC_CONCURRENT freed 186K, 9% free 2746K/2992K, paused 1096ms+82ms, total 1506ms
08-21 01:00:05.690: D/dalvikvm(433): GC_CONCURRENT freed 201K, 9% free 2697K/2956K, paused 5ms+15ms, total 290ms
08-21 01:00:07.140: W/WindowManager(287): Window freeze timeout expired.
08-21 01:00:07.140: W/WindowManager(287): Force clearing orientation change: Window{41c520d0 u0 NavigationBar}
08-21 01:00:07.149: W/WindowManager(287): Force clearing orientation change: Window{41f72420 u0 StatusBar}
08-21 01:00:07.400: I/DownloadManager(559): Upgrading downloads database from version 0 to version 108, which will destroy all old data
08-21 01:00:07.590: D/dalvikvm(517): GC_CONCURRENT freed 262K, 11% free 2896K/3224K, paused 53ms+11ms, total 124ms
08-21 01:00:08.250: D/dalvikvm(504): GC_FOR_ALLOC freed 48K, 4% free 2882K/2992K, paused 443ms, total 453ms
08-21 01:00:08.262: I/dalvikvm-heap(504): Grow heap (frag case) to 3.479MB for 640016-byte allocation
08-21 01:00:08.430: W/ActivityManager(287): Activity idle timeout for ActivityRecord{41b07150 u0 com.android.launcher/com.android.launcher2.Launcher}
08-21 01:00:08.610: D/dalvikvm(504): GC_FOR_ALLOC freed <1K, 4% free 3507K/3620K, paused 223ms, total 223ms
08-21 01:00:08.930: D/dalvikvm(504): GC_CONCURRENT freed 10K, 4% free 3496K/3620K, paused 20ms+3ms, total 313ms
08-21 01:00:09.170: I/Choreographer(287): Skipped 53 frames!  The application may be doing too much work on its main thread.
08-21 01:00:09.600: D/dalvikvm(406): GC_FOR_ALLOC freed 92K, 4% free 3848K/4000K, paused 349ms, total 374ms
08-21 01:00:09.680: I/dalvikvm-heap(406): Grow heap (frag case) to 9.926MB for 6410576-byte allocation
08-21 01:00:09.779: D/dalvikvm(406): GC_CONCURRENT freed 5K, 2% free 10103K/10264K, paused 16ms+6ms, total 100ms
08-21 01:00:10.299: D/gralloc_goldfish(406): Emulator without GPU emulation detected.
08-21 01:00:10.369: I/Choreographer(406): Skipped 4745 frames!  The application may be doing too much work on its main thread.
08-20 21:00:10.609: D/AlarmManagerService(287): Kernel timezone updated to 240 minutes west of GMT
08-20 21:00:10.679: I/SurfaceFlinger(36): Boot is finished (99337 ms)
08-20 21:00:10.789: I/ActivityManager(287): Config changes=1400 {1.0 ?mcc?mnc en_US ldltr sw320dp w320dp h407dp 160dpi smll port finger qwerty/v/v -nav/h s.5}
08-20 21:00:10.900: I/ActivityManager(287): Config changes=1400 {1.0 ?mcc?mnc en_US ldltr sw320dp w320dp h407dp 160dpi smll port finger qwerty/v/v -nav/h s.6}
08-20 21:00:10.939: I/PowerManagerService(287): Boot animation finished.
08-20 21:00:10.949: I/Choreographer(287): Skipped 170 frames!  The application may be doing too much work on its main thread.
08-20 21:00:11.099: I/Choreographer(406): Skipped 270 frames!  The application may be doing too much work on its main thread.
08-20 21:00:11.109: I/WifiService(287): WifiService trying to set country code to us with persist set to true
08-20 21:00:11.389: I/ActivityManager(287): Config changes=1403 {1.0 310mcc260mnc en_US ldltr sw320dp w320dp h407dp 160dpi smll port finger qwerty/v/v -nav/h s.7}
08-20 21:00:11.769: D/dalvikvm(287): GC_FOR_ALLOC freed 482K, 66% free 4604K/13276K, paused 238ms, total 246ms
08-20 21:00:11.809: D/PermissionCache(36): checking android.permission.READ_FRAME_BUFFER for uid=1000 => granted (933 us)
08-20 21:00:11.819: D/gralloc(36): Registering a buffer in the process that created it. This may cause memory ordering problems.
08-20 21:00:11.839: I/ARMAssembler(36): generated scanline__00000077:03515104_00008001_00000000 [113 ipp] (134 ins) at [0x409411f0:0x40941408] in 7395276 ns
08-20 21:00:11.869: I/ARMAssembler(36): generated scanline__00000077:03010104_00008002_00000000 [ 89 ipp] (110 ins) at [0x40941410:0x409415c8] in 1077632 ns
08-20 21:00:11.879: D/gralloc(36): Registering a buffer in the process that created it. This may cause memory ordering problems.
08-20 21:00:12.089: W/Resources(504): Converting to int: TypedValue{t=0x3/d=0x12 "4" a=-1}
08-20 21:00:12.119: W/Resources(504): Converting to int: TypedValue{t=0x3/d=0xf "1" a=-1}
08-20 21:00:12.169: D/PhoneStatusBar(406): mSettingsPanelGravity = 55
08-20 21:00:12.240: W/Resources(504): Converting to int: TypedValue{t=0x3/d=0x15 "2" a=-1}
08-20 21:00:12.240: W/Resources(504): Converting to int: TypedValue{t=0x3/d=0x15 "2" a=-1}
08-20 21:00:12.479: W/Launcher.LauncherProvider(504): Unable to add favorite: com.android.gallery3d/com.android.gallery3d.app.Gallery
08-20 21:00:12.479: W/Launcher.LauncherProvider(504): android.content.pm.PackageManager$NameNotFoundException: ComponentInfo{com.android.gallery3d/com.android.gallery3d.app.Gallery}
08-20 21:00:12.479: W/Launcher.LauncherProvider(504): 	at android.app.ApplicationPackageManager.getActivityInfo(ApplicationPackageManager.java:241)
08-20 21:00:12.479: W/Launcher.LauncherProvider(504): 	at com.android.launcher2.LauncherProvider$DatabaseHelper.addAppShortcut(LauncherProvider.java:939)
08-20 21:00:12.479: W/Launcher.LauncherProvider(504): 	at com.android.launcher2.LauncherProvider$DatabaseHelper.loadFavorites(LauncherProvider.java:843)
08-20 21:00:12.479: W/Launcher.LauncherProvider(504): 	at com.android.launcher2.LauncherProvider$DatabaseHelper.access$000(LauncherProvider.java:233)
08-20 21:00:12.479: W/Launcher.LauncherProvider(504): 	at com.android.launcher2.LauncherProvider.loadDefaultFavoritesIfNecessary(LauncherProvider.java:228)
08-20 21:00:12.479: W/Launcher.LauncherProvider(504): 	at com.android.launcher2.LauncherModel$LoaderTask.loadWorkspace(LauncherModel.java:1263)
08-20 21:00:12.479: W/Launcher.LauncherProvider(504): 	at com.android.launcher2.LauncherModel$LoaderTask.loadAndBindWorkspace(LauncherModel.java:1005)
08-20 21:00:12.479: W/Launcher.LauncherProvider(504): 	at com.android.launcher2.LauncherModel$LoaderTask.run(LauncherModel.java:1111)
08-20 21:00:12.479: W/Launcher.LauncherProvider(504): 	at android.os.Handler.handleCallback(Handler.java:730)
08-20 21:00:12.479: W/Launcher.LauncherProvider(504): 	at android.os.Handler.dispatchMessage(Handler.java:92)
08-20 21:00:12.479: W/Launcher.LauncherProvider(504): 	at android.os.Looper.loop(Looper.java:137)
08-20 21:00:12.479: W/Launcher.LauncherProvider(504): 	at android.os.HandlerThread.run(HandlerThread.java:61)
08-20 21:00:12.639: W/Launcher.LauncherProvider(504): Unable to add favorite: com.android.dialer/com.android.dialer.DialtactsActivity
08-20 21:00:12.639: W/Launcher.LauncherProvider(504): android.content.pm.PackageManager$NameNotFoundException: ComponentInfo{com.android.dialer/com.android.dialer.DialtactsActivity}
08-20 21:00:12.639: W/Launcher.LauncherProvider(504): 	at android.app.ApplicationPackageManager.getActivityInfo(ApplicationPackageManager.java:241)
08-20 21:00:12.639: W/Launcher.LauncherProvider(504): 	at com.android.launcher2.LauncherProvider$DatabaseHelper.addAppShortcut(LauncherProvider.java:939)
08-20 21:00:12.639: W/Launcher.LauncherProvider(504): 	at com.android.launcher2.LauncherProvider$DatabaseHelper.loadFavorites(LauncherProvider.java:843)
08-20 21:00:12.639: W/Launcher.LauncherProvider(504): 	at com.android.launcher2.LauncherProvider$DatabaseHelper.access$000(LauncherProvider.java:233)
08-20 21:00:12.639: W/Launcher.LauncherProvider(504): 	at com.android.launcher2.LauncherProvider.loadDefaultFavoritesIfNecessary(LauncherProvider.java:228)
08-20 21:00:12.639: W/Launcher.LauncherProvider(504): 	at com.android.launcher2.LauncherModel$LoaderTask.loadWorkspace(LauncherModel.java:1263)
08-20 21:00:12.639: W/Launcher.LauncherProvider(504): 	at com.android.launcher2.LauncherModel$LoaderTask.loadAndBindWorkspace(LauncherModel.java:1005)
08-20 21:00:12.639: W/Launcher.LauncherProvider(504): 	at com.android.launcher2.LauncherModel$LoaderTask.run(LauncherModel.java:1111)
08-20 21:00:12.639: W/Launcher.LauncherProvider(504): 	at android.os.Handler.handleCallback(Handler.java:730)
08-20 21:00:12.639: W/Launcher.LauncherProvider(504): 	at android.os.Handler.dispatchMessage(Handler.java:92)
08-20 21:00:12.639: W/Launcher.LauncherProvider(504): 	at android.os.Looper.loop(Looper.java:137)
08-20 21:00:12.639: W/Launcher.LauncherProvider(504): 	at android.os.HandlerThread.run(HandlerThread.java:61)
08-20 21:00:12.669: I/Choreographer(406): Skipped 877 frames!  The application may be doing too much work on its main thread.
08-20 21:00:12.819: I/WifiService(287): WifiService trying to set country code to us with persist set to true
08-20 21:00:12.839: I/ActivityManager(287): Config changes=1400 {1.0 310mcc260mnc en_US ldltr sw320dp w320dp h407dp 160dpi smll port finger qwerty/v/v -nav/h s.8}
08-20 21:00:13.039: D/dalvikvm(451): GC_CONCURRENT freed 334K, 12% free 3009K/3404K, paused 5ms+29ms, total 328ms
08-20 21:00:13.219: D/PhoneStatusBar(406): mSettingsPanelGravity = 55
08-20 21:00:13.579: D/PhoneStatusBar(406): mSettingsPanelGravity = 55
08-20 21:00:13.659: D/dalvikvm(504): GC_CONCURRENT freed 228K, 8% free 3656K/3944K, paused 5ms+4ms, total 178ms
08-20 21:00:13.759: I/Choreographer(406): Skipped 473 frames!  The application may be doing too much work on its main thread.
08-20 21:00:13.889: W/WindowManager(287): Window freeze timeout expired.
08-20 21:00:13.899: W/WindowManager(287): Force clearing orientation change: Window{41c520d0 u0 NavigationBar}
08-20 21:00:13.899: W/WindowManager(287): Force clearing orientation change: Window{42067900 u0 com.android.systemui.ImageWallpaper}
08-20 21:00:13.911: D/dalvikvm(451): GC_CONCURRENT freed 462K, 15% free 3057K/3580K, paused 5ms+4ms, total 182ms
08-20 21:00:13.911: D/dalvikvm(451): WAIT_FOR_CONCURRENT_GC blocked 89ms
08-20 21:00:14.179: I/Choreographer(406): Skipped 86 frames!  The application may be doing too much work on its main thread.
08-20 21:00:14.499: I/ContactsProviderV1(517): Bootstrapping database legacy support
08-20 21:00:15.229: D/dalvikvm(451): GC_CONCURRENT freed 478K, 15% free 3092K/3628K, paused 5ms+33ms, total 221ms
08-20 21:00:15.229: D/dalvikvm(451): WAIT_FOR_CONCURRENT_GC blocked 27ms
08-20 21:00:15.240: D/dalvikvm(451): WAIT_FOR_CONCURRENT_GC blocked 33ms
08-20 21:00:15.539: D/dalvikvm(287): GC_FOR_ALLOC freed 442K, 65% free 4690K/13276K, paused 345ms, total 350ms
08-20 21:00:15.699: D/ConnectivityService(287): ConnectivityChange for mobile: CONNECTED/CONNECTED
08-20 21:00:15.699: D/ConnectivityService(287): check provisioning after booting
08-20 21:00:15.710: D/ConnectivityService(287): checkMobileProvisioning: E sendNotification=true suggestedTimeOutMs=60000 resultReceiver=null
08-20 21:00:15.710: D/ConnectivityService(287): checkMobileProvisioning: params={ url=http://clients3.google.com/generate_204 mTimeOutMs=60000 mCb=com.android.server.ConnectivityService$4@41b5a000}
08-20 21:00:15.710: D/ConnectivityService(287): setNotificationVisible: E visible=false ni=null url=null
08-20 21:00:15.720: D/ConnectivityService(287): setNotificaitionVisible: cancel
08-20 21:00:15.720: D/ConnectivityService(287): setNotificationVisible: X visible=false ni=null url=null
08-20 21:00:15.750: D/ConnectivityService(287): checkMobileProvisioning: X
08-20 21:00:15.999: D/Nat464Xlat(287): requiresClat: netType=0, hasIPv4Address=true
08-20 21:00:16.229: D/ConnectivityService(287): [CheckMp] isMobileOk: start hipri url=http://clients3.google.com/generate_204
08-20 21:00:16.280: W/ActivityManager(287): No content provider found for permission revoke: file:///data/local/tmp/VRouterClient.apk
08-20 21:00:16.300: D/ConnectivityService(287): startUsingNetworkFeature reconnecting to 0: enableHIPRI
08-20 21:00:16.470: D/ConnectivityService(287): ConnectivityChange for mobile_hipri: CONNECTED/CONNECTED
08-20 21:00:16.590: E/ConnectivityService(287): startUsingNetworkFeature took too long: 329ms
08-20 21:00:16.590: D/ConnectivityService(287): [CheckMp] isMobileOk: hipri started
08-20 21:00:16.610: E/logwrapper(622): executing /system/bin/ip failed: No such file or directory
08-20 21:00:16.640: E/SecondaryTablController(33): ip route add failed: /system/bin/ip route add 10.0.2.2/32 via 0.0.0.0 dev eth0 table 60
08-20 21:00:16.640: W/FrameworkListener(33): Handler 'interface' error (No such device)
08-20 21:00:16.650: E/ConnectivityService(287): Exception trying to add a route: java.lang.IllegalStateException: command '11 interface route add eth0 secondary 10.0.2.2 32 0.0.0.0' failed with '400 11 ip route modification failed (No such device)'
08-20 21:00:16.670: E/logwrapper(623): executing /system/bin/ip failed: No such file or directory
08-20 21:00:16.700: E/SecondaryTablController(33): ip route add failed: /system/bin/ip route add 0.0.0.0/0 via 10.0.2.2 dev eth0 table 60
08-20 21:00:16.700: W/FrameworkListener(33): Handler 'interface' error (No such device)
08-20 21:00:16.710: E/ConnectivityService(287): Exception trying to add a route: java.lang.IllegalStateException: command '12 interface route add eth0 secondary 0.0.0.0 0 10.0.2.2' failed with '400 12 ip route modification failed (No such device)'
08-20 21:00:16.710: D/Nat464Xlat(287): requiresClat: netType=5, hasIPv4Address=true
08-20 21:00:16.800: W/ActivityManager(287): No content provider found for permission revoke: file:///data/local/tmp/VRouterClient.apk
08-20 21:00:16.800: I/PackageManager(287): Copying native libraries to /data/app-lib/vmdl130481357
08-20 21:00:16.890: W/WindowManager(287): App freeze timeout expired.
08-20 21:00:16.890: W/WindowManager(287): Force clearing freeze: AppWindowToken{421119f8 token=Token{420041b8 ActivityRecord{41b07150 u0 com.android.launcher/com.android.launcher2.Launcher}}}
08-20 21:00:16.890: I/WindowManager(287): Screen frozen for +5s416ms due to AppWindowToken{421119f8 token=Token{420041b8 ActivityRecord{41b07150 u0 com.android.launcher/com.android.launcher2.Launcher}}}
08-20 21:00:17.490: D/Launcher.Model(504): Reload apps on config change. curr_mcc:310 prevmcc:0
08-20 21:00:17.530: D/Launcher.Model(504): going to save icon bitmap for info=ShortcutInfo(title=Peopleintent=Intent { act=android.intent.action.MAIN cat=[android.intent.category.LAUNCHER] flg=0x10200000 cmp=com.android.contacts/.activities.PeopleActivity }id=8 type=0 container=-101 screen=1 cellX=1 cellY=0 spanX=1 spanY=1 dropPos=null)
08-20 21:00:17.590: D/Launcher.Model(504): going to save icon bitmap for info=ShortcutInfo(title=Settingsintent=Intent { act=android.intent.action.MAIN cat=[android.intent.category.LAUNCHER] flg=0x10200000 cmp=com.android.settings/.Settings }id=6 type=0 container=-100 screen=3 cellX=2 cellY=3 spanX=1 spanY=1 dropPos=null)
08-20 21:00:17.640: D/Launcher.Model(504): going to save icon bitmap for info=ShortcutInfo(title=Cameraintent=Intent { act=android.intent.action.MAIN cat=[android.intent.category.LAUNCHER] flg=0x10200000 cmp=com.android.camera/.Camera }id=4 type=0 container=-100 screen=2 cellX=0 cellY=3 spanX=1 spanY=1 dropPos=null)
08-20 21:00:17.790: D/Launcher.Model(504): going to save icon bitmap for info=ShortcutInfo(title=Browserintent=Intent { act=android.intent.action.MAIN cat=[android.intent.category.LAUNCHER] flg=0x10200000 cmp=com.android.browser/.BrowserActivity }id=12 type=0 container=-101 screen=4 cellX=4 cellY=0 spanX=1 spanY=1 dropPos=null)
08-20 21:00:17.830: D/dalvikvm(287): GC_FOR_ALLOC freed 530K, 65% free 4709K/13276K, paused 184ms, total 241ms
08-20 21:00:17.890: D/Launcher.Model(504): going to save icon bitmap for info=ShortcutInfo(title=Messagingintent=Intent { act=android.intent.action.MAIN cat=[android.intent.category.LAUNCHER] flg=0x10200000 cmp=com.android.mms/.ui.ConversationList }id=10 type=0 container=-101 screen=3 cellX=3 cellY=0 spanX=1 spanY=1 dropPos=null)
08-20 21:00:18.400: I/PackageManager(287): Running dexopt on: com.example.vrouter
08-20 21:00:18.830: D/dalvikvm(517): GC_CONCURRENT freed 329K, 12% free 2952K/3348K, paused 6ms+12ms, total 91ms
08-20 21:00:18.960: I/ContactLocale(517): AddressBook Labels [en_US]: [, A, B, C, D, E, F, G, H, I, J, K, L, M, N, O, P, Q, R, S, T, U, V, W, X, Y, Z, , , , , , , , , , , , , , , , , , , , , , , , , , , , , , , , ?, , , , ?, ?, , , , , , , , , , , , , , , , , , , , , ?, ?, ?, ?, ?, ?, ?, ?, ?, ?, ?, ?, ?, ?, ?, ?, ?, ?, ?, ?, ?, ?, , ?, ?, ?, ?, ?, ?, ?, ?, ?, ?, ?, ?, ?, ?, ?, ?, ?, ?, ?, ?, ?, ?, ?, ?, ?, ?, ?, ?, , ?, ?, ?, ?, ?, ?, ?, ?, ?, ?, ?, ?, ?, ?, ?, ?, ?, ?, ?, ?, ?, ?, ?, ?, ?, ?, ?, ?, ?, ?, ?, ?, ?, ?, ?, ?, ?, ?, ?, ?, ?, ?, ?, ?, ?, ?, , ?, ?, ?, ?, ?, ?, ?, ?, ?, ?, ?, ?, ?, ?, , , , , , , , , , , , #, ]
08-20 21:00:19.230: D/dalvikvm(287): GC_EXPLICIT freed 252K, 65% free 4655K/13276K, paused 18ms+21ms, total 262ms
08-20 21:00:19.400: I/ContactsDatabaseHelper(517): Bootstrapping database version: 710
08-20 21:00:21.090: D/dalvikvm(626): DexOpt: load 489ms, verify+opt 1551ms, 1004452 bytes
08-20 21:00:21.940: D/dalvikvm(517): GC_CONCURRENT freed 358K, 13% free 2983K/3408K, paused 5ms+3ms, total 55ms
08-20 21:00:21.979: I/ActivityManager(287): Force stopping package com.example.vrouter appid=10039 user=-1
08-20 21:00:22.010: D/Tethering(287): MasterInitialState.processMessage what=3
08-20 21:00:22.010: D/CaptivePortalTracker(287): NoActiveNetworkState{ what=1 when=0 obj=NetworkInfo: type: mobile[UMTS], state: CONNECTED/CONNECTED, reason: connected, extra: epc.tmobile.com, roaming: false, failover: false, isAvailable: true }
08-20 21:00:22.021: D/CaptivePortalTracker(287): ActiveNetworkState
08-20 21:00:22.021: D/CaptivePortalTracker(287): DelayedCaptiveCheckState
08-20 21:00:22.090: D/Tethering(287): MasterInitialState.processMessage what=3
08-20 21:00:22.100: D/CaptivePortalTracker(287): DelayedCaptiveCheckState{ what=1 when=0 obj=NetworkInfo: type: mobile_hipri[UMTS], state: CONNECTED/CONNECTED, reason: dataEnabled, extra: epc.tmobile.com, roaming: false, failover: false, isAvailable: true }
08-20 21:00:22.170: W/dalvikvm(628): PR_CAPBSET_DROP 0 failed: Invalid argument. Please make sure your kernel is compiled with file capabilities support enabled.
08-20 21:00:22.170: W/dalvikvm(628): PR_CAPBSET_DROP 1 failed: Invalid argument. Please make sure your kernel is compiled with file capabilities support enabled.
08-20 21:00:22.170: W/dalvikvm(628): PR_CAPBSET_DROP 2 failed: Invalid argument. Please make sure your kernel is compiled with file capabilities support enabled.
08-20 21:00:22.170: W/dalvikvm(628): PR_CAPBSET_DROP 3 failed: Invalid argument. Please make sure your kernel is compiled with file capabilities support enabled.
08-20 21:00:22.180: W/dalvikvm(628): PR_CAPBSET_DROP 4 failed: Invalid argument. Please make sure your kernel is compiled with file capabilities support enabled.
08-20 21:00:22.180: W/dalvikvm(628): PR_CAPBSET_DROP 5 failed: Invalid argument. Please make sure your kernel is compiled with file capabilities support enabled.
08-20 21:00:22.180: W/dalvikvm(628): PR_CAPBSET_DROP 6 failed: Invalid argument. Please make sure your kernel is compiled with file capabilities support enabled.
08-20 21:00:22.180: W/dalvikvm(628): PR_CAPBSET_DROP 7 failed: Invalid argument. Please make sure your kernel is compiled with file capabilities support enabled.
08-20 21:00:22.190: W/dalvikvm(628): PR_CAPBSET_DROP 8 failed: Invalid argument. Please make sure your kernel is compiled with file capabilities support enabled.
08-20 21:00:22.190: W/dalvikvm(628): PR_CAPBSET_DROP 9 failed: Invalid argument. Please make sure your kernel is compiled with file capabilities support enabled.
08-20 21:00:22.190: W/dalvikvm(628): PR_CAPBSET_DROP 10 failed: Invalid argument. Please make sure your kernel is compiled with file capabilities support enabled.
08-20 21:00:22.190: W/dalvikvm(628): PR_CAPBSET_DROP 11 failed: Invalid argument. Please make sure your kernel is compiled with file capabilities support enabled.
08-20 21:00:22.190: W/dalvikvm(628): PR_CAPBSET_DROP 12 failed: Invalid argument. Please make sure your kernel is compiled with file capabilities support enabled.
08-20 21:00:22.190: W/dalvikvm(628): PR_CAPBSET_DROP 13 failed: Invalid argument. Please make sure your kernel is compiled with file capabilities support enabled.
08-20 21:00:22.200: W/dalvikvm(628): PR_CAPBSET_DROP 14 failed: Invalid argument. Please make sure your kernel is compiled with file capabilities support enabled.
08-20 21:00:22.200: W/dalvikvm(628): PR_CAPBSET_DROP 15 failed: Invalid argument. Please make sure your kernel is compiled with file capabilities support enabled.
08-20 21:00:22.200: W/dalvikvm(628): PR_CAPBSET_DROP 16 failed: Invalid argument. Please make sure your kernel is compiled with file capabilities support enabled.
08-20 21:00:22.210: W/dalvikvm(628): PR_CAPBSET_DROP 17 failed: Invalid argument. Please make sure your kernel is compiled with file capabilities support enabled.
08-20 21:00:22.210: W/dalvikvm(628): PR_CAPBSET_DROP 18 failed: Invalid argument. Please make sure your kernel is compiled with file capabilities support enabled.
08-20 21:00:22.210: W/dalvikvm(628): PR_CAPBSET_DROP 19 failed: Invalid argument. Please make sure your kernel is compiled with file capabilities support enabled.
08-20 21:00:22.210: W/dalvikvm(628): PR_CAPBSET_DROP 20 failed: Invalid argument. Please make sure your kernel is compiled with file capabilities support enabled.
08-20 21:00:22.220: W/dalvikvm(628): PR_CAPBSET_DROP 21 failed: Invalid argument. Please make sure your kernel is compiled with file capabilities support enabled.
08-20 21:00:22.220: W/dalvikvm(628): PR_CAPBSET_DROP 22 failed: Invalid argument. Please make sure your kernel is compiled with file capabilities support enabled.
08-20 21:00:22.220: W/dalvikvm(628): PR_CAPBSET_DROP 23 failed: Invalid argument. Please make sure your kernel is compiled with file capabilities support enabled.
08-20 21:00:22.220: W/dalvikvm(628): PR_CAPBSET_DROP 24 failed: Invalid argument. Please make sure your kernel is compiled with file capabilities support enabled.
08-20 21:00:22.220: W/dalvikvm(628): PR_CAPBSET_DROP 25 failed: Invalid argument. Please make sure your kernel is compiled with file capabilities support enabled.
08-20 21:00:22.220: W/dalvikvm(628): PR_CAPBSET_DROP 26 failed: Invalid argument. Please make sure your kernel is compiled with file capabilities support enabled.
08-20 21:00:22.220: W/dalvikvm(628): PR_CAPBSET_DROP 27 failed: Invalid argument. Please make sure your kernel is compiled with file capabilities support enabled.
08-20 21:00:22.220: W/dalvikvm(628): PR_CAPBSET_DROP 28 failed: Invalid argument. Please make sure your kernel is compiled with file capabilities support enabled.
08-20 21:00:22.220: W/dalvikvm(628): PR_CAPBSET_DROP 29 failed: Invalid argument. Please make sure your kernel is compiled with file capabilities support enabled.
08-20 21:00:22.220: W/dalvikvm(628): PR_CAPBSET_DROP 30 failed: Invalid argument. Please make sure your kernel is compiled with file capabilities support enabled.
08-20 21:00:22.230: W/dalvikvm(628): PR_CAPBSET_DROP 31 failed: Invalid argument. Please make sure your kernel is compiled with file capabilities support enabled.
08-20 21:00:22.230: W/dalvikvm(628): PR_CAPBSET_DROP 32 failed: Invalid argument. Please make sure your kernel is compiled with file capabilities support enabled.
08-20 21:00:22.230: W/dalvikvm(628): PR_CAPBSET_DROP 33 failed: Invalid argument. Please make sure your kernel is compiled with file capabilities support enabled.
08-20 21:00:22.240: I/ActivityManager(287): Start proc com.android.quicksearchbox for broadcast com.android.quicksearchbox/.CorporaUpdateReceiver: pid=628 uid=10033 gids={50033, 3003, 1028}
08-20 21:00:22.670: I/InputReader(287): Reconfiguring input devices.  changes=0x00000010
08-20 21:00:22.730: D/dalvikvm(504): GC_CONCURRENT freed 292K, 9% free 3788K/4140K, paused 11ms+102ms, total 212ms
08-20 21:00:22.759: D/BackupManagerService(287): Received broadcast Intent { act=android.intent.action.PACKAGE_ADDED dat=package:com.example.vrouter flg=0x8000010 (has extras) }
08-20 21:00:22.780: V/BackupManagerService(287): addPackageParticipantsLocked: #1
08-20 21:00:23.190: D/dalvikvm(504): GC_FOR_ALLOC freed 24K, 7% free 3852K/4140K, paused 40ms, total 48ms
08-20 21:00:23.200: I/dalvikvm-heap(504): Grow heap (frag case) to 4.426MB for 640016-byte allocation
08-20 21:00:23.260: D/dalvikvm(504): GC_FOR_ALLOC freed 9K, 7% free 4467K/4768K, paused 57ms, total 57ms
08-20 21:00:23.340: D/dalvikvm(504): GC_CONCURRENT freed <1K, 7% free 4467K/4768K, paused 4ms+13ms, total 83ms
08-20 21:00:23.720: I/Choreographer(504): Skipped 4133 frames!  The application may be doing too much work on its main thread.
08-20 21:00:24.250: D/dalvikvm(287): GREF has increased to 501
08-20 21:00:24.430: D/GpsLocationProvider(287): NTP server returned: 1408582823804 (Wed Aug 20 21:00:23 EDT 2014) reference: 164527 certainty: 38 system time offset: -634
08-20 21:00:24.451: I/Choreographer(504): Skipped 317 frames!  The application may be doing too much work on its main thread.
08-20 21:00:24.491: D/gralloc_goldfish(504): Emulator without GPU emulation detected.
08-20 21:00:24.590: D/dalvikvm(504): GC_FOR_ALLOC freed 792K, 18% free 4036K/4892K, paused 40ms, total 51ms
08-20 21:00:24.660: D/dalvikvm(504): GC_CONCURRENT freed 14K, 8% free 4531K/4892K, paused 10ms+4ms, total 60ms
08-20 21:00:24.660: D/dalvikvm(504): WAIT_FOR_CONCURRENT_GC blocked 50ms
08-20 21:00:24.660: I/dalvikvm-heap(504): Grow heap (frag case) to 4.976MB for 520976-byte allocation
08-20 21:00:24.710: D/dalvikvm(504): GC_FOR_ALLOC freed 0K, 7% free 5040K/5404K, paused 44ms, total 44ms
08-20 21:00:24.850: I/Choreographer(287): Skipped 32 frames!  The application may be doing too much work on its main thread.
08-20 21:00:24.940: I/Choreographer(504): Skipped 37 frames!  The application may be doing too much work on its main thread.
08-20 21:00:24.970: I/ContactsProviderV1(517): Bootstrapping database legacy support
08-20 21:00:25.210: D/dalvikvm(287): GC_EXPLICIT freed 505K, 65% free 4692K/13276K, paused 827ms+54ms, total 1957ms
08-20 21:00:25.210: D/dalvikvm(287): WAIT_FOR_CONCURRENT_GC blocked 357ms
08-20 21:00:25.230: D/dalvikvm(287): WAIT_FOR_CONCURRENT_GC blocked 264ms
08-20 21:00:25.260: D/dalvikvm(287): WAIT_FOR_CONCURRENT_GC blocked 404ms
08-20 21:00:25.290: D/dalvikvm(287): WAIT_FOR_CONCURRENT_GC blocked 138ms
08-20 21:00:25.300: D/dalvikvm(287): WAIT_FOR_CONCURRENT_GC blocked 398ms
08-20 21:00:25.320: D/dalvikvm(287): WAIT_FOR_CONCURRENT_GC blocked 416ms
08-20 21:00:25.370: I/ActivityManager(287): Displayed com.android.launcher/com.android.launcher2.Launcher: +28s477ms (total +33s83ms)
08-20 21:00:25.370: I/Choreographer(287): Skipped 65 frames!  The application may be doing too much work on its main thread.
08-20 21:00:25.470: I/RecoverySystem(287): No recovery log file
08-20 21:00:25.540: I/BootReceiver(287): Copying audit failures to DropBox
08-20 21:00:25.810: D/dalvikvm(504): GC_FOR_ALLOC freed 805K, 19% free 4795K/5860K, paused 184ms, total 223ms
08-20 21:00:25.870: D/dalvikvm(504): GREF has increased to 201
08-20 21:00:25.960: I/Choreographer(504): Skipped 651 frames!  The application may be doing too much work on its main thread.
08-20 21:00:26.110: D/AndroidRuntime(378): Shutting down VM
08-20 21:00:26.110: D/jdwp(378): Got wake-up signal, bailing out of select
08-20 21:00:26.120: D/dalvikvm(378): Debugger has detached; object registry had 1 entries
08-20 21:00:26.300: I/Choreographer(504): Skipped 137 frames!  The application may be doing too much work on its main thread.
08-20 21:00:27.000: W/dalvikvm(661): PR_CAPBSET_DROP 0 failed: Invalid argument. Please make sure your kernel is compiled with file capabilities support enabled.
08-20 21:00:27.000: W/dalvikvm(661): PR_CAPBSET_DROP 1 failed: Invalid argument. Please make sure your kernel is compiled with file capabilities support enabled.
08-20 21:00:27.000: W/dalvikvm(661): PR_CAPBSET_DROP 2 failed: Invalid argument. Please make sure your kernel is compiled with file capabilities support enabled.
08-20 21:00:27.010: W/dalvikvm(661): PR_CAPBSET_DROP 3 failed: Invalid argument. Please make sure your kernel is compiled with file capabilities support enabled.
08-20 21:00:27.010: W/dalvikvm(661): PR_CAPBSET_DROP 4 failed: Invalid argument. Please make sure your kernel is compiled with file capabilities support enabled.
08-20 21:00:27.010: W/dalvikvm(661): PR_CAPBSET_DROP 5 failed: Invalid argument. Please make sure your kernel is compiled with file capabilities support enabled.
08-20 21:00:27.010: W/dalvikvm(661): PR_CAPBSET_DROP 6 failed: Invalid argument. Please make sure your kernel is compiled with file capabilities support enabled.
08-20 21:00:27.020: W/dalvikvm(661): PR_CAPBSET_DROP 7 failed: Invalid argument. Please make sure your kernel is compiled with file capabilities support enabled.
08-20 21:00:27.020: W/dalvikvm(661): PR_CAPBSET_DROP 8 failed: Invalid argument. Please make sure your kernel is compiled with file capabilities support enabled.
08-20 21:00:27.020: W/dalvikvm(661): PR_CAPBSET_DROP 9 failed: Invalid argument. Please make sure your kernel is compiled with file capabilities support enabled.
08-20 21:00:27.020: W/dalvikvm(661): PR_CAPBSET_DROP 10 failed: Invalid argument. Please make sure your kernel is compiled with file capabilities support enabled.
08-20 21:00:27.020: W/dalvikvm(661): PR_CAPBSET_DROP 11 failed: Invalid argument. Please make sure your kernel is compiled with file capabilities support enabled.
08-20 21:00:27.020: W/dalvikvm(661): PR_CAPBSET_DROP 12 failed: Invalid argument. Please make sure your kernel is compiled with file capabilities support enabled.
08-20 21:00:27.020: W/dalvikvm(661): PR_CAPBSET_DROP 13 failed: Invalid argument. Please make sure your kernel is compiled with file capabilities support enabled.
08-20 21:00:27.030: W/dalvikvm(661): PR_CAPBSET_DROP 14 failed: Invalid argument. Please make sure your kernel is compiled with file capabilities support enabled.
08-20 21:00:27.030: W/dalvikvm(661): PR_CAPBSET_DROP 15 failed: Invalid argument. Please make sure your kernel is compiled with file capabilities support enabled.
08-20 21:00:27.030: W/dalvikvm(661): PR_CAPBSET_DROP 16 failed: Invalid argument. Please make sure your kernel is compiled with file capabilities support enabled.
08-20 21:00:27.030: W/dalvikvm(661): PR_CAPBSET_DROP 17 failed: Invalid argument. Please make sure your kernel is compiled with file capabilities support enabled.
08-20 21:00:27.030: W/dalvikvm(661): PR_CAPBSET_DROP 18 failed: Invalid argument. Please make sure your kernel is compiled with file capabilities support enabled.
08-20 21:00:27.030: W/dalvikvm(661): PR_CAPBSET_DROP 19 failed: Invalid argument. Please make sure your kernel is compiled with file capabilities support enabled.
